Archive member included to satisfy reference by file (symbol)

c:/st/stm32cubeide_1.4.0/stm32cubeide/plugins/com.st.stm32cube.ide.mcu.externaltools.gnu-tools-for-stm32.7-2018-q2-update.win32_1.4.0.202007081208/tools/bin/../lib/gcc/arm-none-eabi/7.3.1/../../../../arm-none-eabi/lib/thumb/v7-m\libc_nano.a(lib_a-errno.o)
                              Src/syscalls.o (__errno)
c:/st/stm32cubeide_1.4.0/stm32cubeide/plugins/com.st.stm32cube.ide.mcu.externaltools.gnu-tools-for-stm32.7-2018-q2-update.win32_1.4.0.202007081208/tools/bin/../lib/gcc/arm-none-eabi/7.3.1/../../../../arm-none-eabi/lib/thumb/v7-m\libc_nano.a(lib_a-exit.o)
                              c:/st/stm32cubeide_1.4.0/stm32cubeide/plugins/com.st.stm32cube.ide.mcu.externaltools.gnu-tools-for-stm32.7-2018-q2-update.win32_1.4.0.202007081208/tools/bin/../lib/gcc/arm-none-eabi/7.3.1/../../../../arm-none-eabi/lib/thumb/v7-m/crt0.o (exit)
c:/st/stm32cubeide_1.4.0/stm32cubeide/plugins/com.st.stm32cube.ide.mcu.externaltools.gnu-tools-for-stm32.7-2018-q2-update.win32_1.4.0.202007081208/tools/bin/../lib/gcc/arm-none-eabi/7.3.1/../../../../arm-none-eabi/lib/thumb/v7-m\libc_nano.a(lib_a-impure.o)
                              c:/st/stm32cubeide_1.4.0/stm32cubeide/plugins/com.st.stm32cube.ide.mcu.externaltools.gnu-tools-for-stm32.7-2018-q2-update.win32_1.4.0.202007081208/tools/bin/../lib/gcc/arm-none-eabi/7.3.1/../../../../arm-none-eabi/lib/thumb/v7-m\libc_nano.a(lib_a-exit.o) (_global_impure_ptr)
c:/st/stm32cubeide_1.4.0/stm32cubeide/plugins/com.st.stm32cube.ide.mcu.externaltools.gnu-tools-for-stm32.7-2018-q2-update.win32_1.4.0.202007081208/tools/bin/../lib/gcc/arm-none-eabi/7.3.1/../../../../arm-none-eabi/lib/thumb/v7-m\libc_nano.a(lib_a-init.o)
                              c:/st/stm32cubeide_1.4.0/stm32cubeide/plugins/com.st.stm32cube.ide.mcu.externaltools.gnu-tools-for-stm32.7-2018-q2-update.win32_1.4.0.202007081208/tools/bin/../lib/gcc/arm-none-eabi/7.3.1/../../../../arm-none-eabi/lib/thumb/v7-m/crt0.o (__libc_init_array)
c:/st/stm32cubeide_1.4.0/stm32cubeide/plugins/com.st.stm32cube.ide.mcu.externaltools.gnu-tools-for-stm32.7-2018-q2-update.win32_1.4.0.202007081208/tools/bin/../lib/gcc/arm-none-eabi/7.3.1/../../../../arm-none-eabi/lib/thumb/v7-m\libc_nano.a(lib_a-memset.o)
                              c:/st/stm32cubeide_1.4.0/stm32cubeide/plugins/com.st.stm32cube.ide.mcu.externaltools.gnu-tools-for-stm32.7-2018-q2-update.win32_1.4.0.202007081208/tools/bin/../lib/gcc/arm-none-eabi/7.3.1/../../../../arm-none-eabi/lib/thumb/v7-m/crt0.o (memset)
c:/st/stm32cubeide_1.4.0/stm32cubeide/plugins/com.st.stm32cube.ide.mcu.externaltools.gnu-tools-for-stm32.7-2018-q2-update.win32_1.4.0.202007081208/tools/bin/../lib/gcc/arm-none-eabi/7.3.1/../../../../arm-none-eabi/lib/thumb/v7-m\libc_nano.a(lib_a-strcmp.o)
                              My_Own_RTOS/Scheduler.o (strcmp)
c:/st/stm32cubeide_1.4.0/stm32cubeide/plugins/com.st.stm32cube.ide.mcu.externaltools.gnu-tools-for-stm32.7-2018-q2-update.win32_1.4.0.202007081208/tools/bin/../lib/gcc/arm-none-eabi/7.3.1/../../../../arm-none-eabi/lib/thumb/v7-m\libc_nano.a(lib_a-strcpy.o)
                              My_Own_RTOS/Scheduler.o (strcpy)

Allocating common symbols
Common symbol       size              file

IDLE_Task_Led       0x1               My_Own_RTOS/Scheduler.o
Task4               0x44              Src/main.o
Ready_Queue         0x14              My_Own_RTOS/Scheduler.o
MUTEX1              0x30              Src/main.o
OS_Control_t        0x1ac             My_Own_RTOS/Scheduler.o
Task1               0x44              Src/main.o
Task1_Led           0x1               Src/main.o
MyRTOS_IDLE_TASK    0x44              My_Own_RTOS/Scheduler.o
MUTEX2              0x30              Src/main.o
Task3               0x44              Src/main.o
Task3_Led           0x1               Src/main.o
Task2               0x44              Src/main.o
SysTick_Led         0x1               My_Own_RTOS/CortexMx_OS_Porting.o
Task2_Led           0x1               Src/main.o
Task4_Led           0x1               Src/main.o
GP_IRQ_CallBack     0x3c              STM32_F103C6_Drivers/EXTI/STM32F103x8_EXTI_Driver.o
Ready_Queue_FIFO    0x190             My_Own_RTOS/Scheduler.o

Discarded input sections

 .text          0x0000000000000000        0x0 c:/st/stm32cubeide_1.4.0/stm32cubeide/plugins/com.st.stm32cube.ide.mcu.externaltools.gnu-tools-for-stm32.7-2018-q2-update.win32_1.4.0.202007081208/tools/bin/../lib/gcc/arm-none-eabi/7.3.1/thumb/v7-m/crti.o
 .data          0x0000000000000000        0x0 c:/st/stm32cubeide_1.4.0/stm32cubeide/plugins/com.st.stm32cube.ide.mcu.externaltools.gnu-tools-for-stm32.7-2018-q2-update.win32_1.4.0.202007081208/tools/bin/../lib/gcc/arm-none-eabi/7.3.1/thumb/v7-m/crti.o
 .bss           0x0000000000000000        0x0 c:/st/stm32cubeide_1.4.0/stm32cubeide/plugins/com.st.stm32cube.ide.mcu.externaltools.gnu-tools-for-stm32.7-2018-q2-update.win32_1.4.0.202007081208/tools/bin/../lib/gcc/arm-none-eabi/7.3.1/thumb/v7-m/crti.o
[...]
Memory Configuration

Name             Origin             Length             Attributes
RAM              0x0000000020000000 0x0000000000005000 xrw
ROM              0x0000000008000000 0x0000000000010000 xr
*default*        0x0000000000000000 0xffffffffffffffff

Linker script and memory map

LOAD c:/st/stm32cubeide_1.4.0/stm32cubeide/plugins/com.st.stm32cube.ide.mcu.externaltools.gnu-tools-for-stm32.7-2018-q2-update.win32_1.4.0.202007081208/tools/bin/../lib/gcc/arm-none-eabi/7.3.1/thumb/v7-m/crti.o
LOAD c:/st/stm32cubeide_1.4.0/stm32cubeide/plugins/com.st.stm32cube.ide.mcu.externaltools.gnu-tools-for-stm32.7-2018-q2-update.win32_1.4.0.202007081208/tools/bin/../lib/gcc/arm-none-eabi/7.3.1/thumb/v7-m/crtbegin.o
LOAD c:/st/stm32cubeide_1.4.0/stm32cubeide/plugins/com.st.stm32cube.ide.mcu.externaltools.gnu-tools-for-stm32.7-2018-q2-update.win32_1.4.0.202007081208/tools/bin/../lib/gcc/arm-none-eabi/7.3.1/../../../../arm-none-eabi/lib/thumb/v7-m/crt0.o
LOAD My_Own_RTOS/CortexMx_OS_Porting.o
LOAD My_Own_RTOS/MYRTOS_FIFO.o
LOAD My_Own_RTOS/Scheduler.o
LOAD STM32_F103C6_Drivers/EXTI/STM32F103x8_EXTI_Driver.o
LOAD STM32_F103C6_Drivers/GPIO/STM32F103x8_GPIO_Driver.o
LOAD STM32_F103C6_Drivers/RCC/STM32F103x8_RCC_Driver.o
LOAD Src/main.o
LOAD Src/syscalls.o
LOAD Src/sysmem.o
LOAD Startup/startup_stm32f103c8tx.o
START GROUP
LOAD c:/st/stm32cubeide_1.4.0/stm32cubeide/plugins/com.st.stm32cube.ide.mcu.externaltools.gnu-tools-for-stm32.7-2018-q2-update.win32_1.4.0.202007081208/tools/bin/../lib/gcc/arm-none-eabi/7.3.1/../../../../arm-none-eabi/lib/thumb/v7-m\libc_nano.a
LOAD c:/st/stm32cubeide_1.4.0/stm32cubeide/plugins/com.st.stm32cube.ide.mcu.externaltools.gnu-tools-for-stm32.7-2018-q2-update.win32_1.4.0.202007081208/tools/bin/../lib/gcc/arm-none-eabi/7.3.1/../../../../arm-none-eabi/lib/thumb/v7-m\libm.a
END GROUP
START GROUP
LOAD c:/st/stm32cubeide_1.4.0/stm32cubeide/plugins/com.st.stm32cube.ide.mcu.externaltools.gnu-tools-for-stm32.7-2018-q2-update.win32_1.4.0.202007081208/tools/bin/../lib/gcc/arm-none-eabi/7.3.1/thumb/v7-m\libgcc.a
LOAD c:/st/stm32cubeide_1.4.0/stm32cubeide/plugins/com.st.stm32cube.ide.mcu.externaltools.gnu-tools-for-stm32.7-2018-q2-update.win32_1.4.0.202007081208/tools/bin/../lib/gcc/arm-none-eabi/7.3.1/../../../../arm-none-eabi/lib/thumb/v7-m\libg_nano.a
LOAD c:/st/stm32cubeide_1.4.0/stm32cubeide/plugins/com.st.stm32cube.ide.mcu.externaltools.gnu-tools-for-stm32.7-2018-q2-update.win32_1.4.0.202007081208/tools/bin/../lib/gcc/arm-none-eabi/7.3.1/../../../../arm-none-eabi/lib/thumb/v7-m\libc_nano.a
END GROUP
START GROUP
LOAD c:/st/stm32cubeide_1.4.0/stm32cubeide/plugins/com.st.stm32cube.ide.mcu.externaltools.gnu-tools-for-stm32.7-2018-q2-update.win32_1.4.0.202007081208/tools/bin/../lib/gcc/arm-none-eabi/7.3.1/thumb/v7-m\libgcc.a
LOAD c:/st/stm32cubeide_1.4.0/stm32cubeide/plugins/com.st.stm32cube.ide.mcu.externaltools.gnu-tools-for-stm32.7-2018-q2-update.win32_1.4.0.202007081208/tools/bin/../lib/gcc/arm-none-eabi/7.3.1/../../../../arm-none-eabi/lib/thumb/v7-m\libc_nano.a
LOAD c:/st/stm32cubeide_1.4.0/stm32cubeide/plugins/com.st.stm32cube.ide.mcu.externaltools.gnu-tools-for-stm32.7-2018-q2-update.win32_1.4.0.202007081208/tools/bin/../lib/gcc/arm-none-eabi/7.3.1/../../../../arm-none-eabi/lib/thumb/v7-m\libnosys.a
END GROUP
START GROUP
LOAD c:/st/stm32cubeide_1.4.0/stm32cubeide/plugins/com.st.stm32cube.ide.mcu.externaltools.gnu-tools-for-stm32.7-2018-q2-update.win32_1.4.0.202007081208/tools/bin/../lib/gcc/arm-none-eabi/7.3.1/thumb/v7-m\libgcc.a
LOAD c:/st/stm32cubeide_1.4.0/stm32cubeide/plugins/com.st.stm32cube.ide.mcu.externaltools.gnu-tools-for-stm32.7-2018-q2-update.win32_1.4.0.202007081208/tools/bin/../lib/gcc/arm-none-eabi/7.3.1/../../../../arm-none-eabi/lib/thumb/v7-m\libc_nano.a
LOAD c:/st/stm32cubeide_1.4.0/stm32cubeide/plugins/com.st.stm32cube.ide.mcu.externaltools.gnu-tools-for-stm32.7-2018-q2-update.win32_1.4.0.202007081208/tools/bin/../lib/gcc/arm-none-eabi/7.3.1/../../../../arm-none-eabi/lib/thumb/v7-m\libnosys.a
END GROUP
LOAD c:/st/stm32cubeide_1.4.0/stm32cubeide/plugins/com.st.stm32cube.ide.mcu.externaltools.gnu-tools-for-stm32.7-2018-q2-update.win32_1.4.0.202007081208/tools/bin/../lib/gcc/arm-none-eabi/7.3.1/thumb/v7-m/crtend.o
LOAD c:/st/stm32cubeide_1.4.0/stm32cubeide/plugins/com.st.stm32cube.ide.mcu.externaltools.gnu-tools-for-stm32.7-2018-q2-update.win32_1.4.0.202007081208/tools/bin/../lib/gcc/arm-none-eabi/7.3.1/thumb/v7-m/crtn.o
                0x0000000020005000                _estack = (ORIGIN (RAM) + LENGTH (RAM))
                0x0000000000000200                _Min_Heap_Size = 0x200
                0x0000000000000400                _Min_Stack_Size = 0x400

.isr_vector     0x0000000008000000      0x130
                0x0000000008000000                . = ALIGN (0x4)
 *(.isr_vector)
 .isr_vector    0x0000000008000000      0x130 Startup/startup_stm32f103c8tx.o
                0x0000000008000000                g_pfnVectors
                0x0000000008000130                . = ALIGN (0x4)

.text           0x0000000008000130     0x128c
                0x0000000008000130                . = ALIGN (0x4)
 *(.text)
 .text          0x0000000008000130       0x40 c:/st/stm32cubeide_1.4.0/stm32cubeide/plugins/com.st.stm32cube.ide.mcu.externaltools.gnu-tools-for-stm32.7-2018-q2-update.win32_1.4.0.202007081208/tools/bin/../lib/gcc/arm-none-eabi/7.3.1/thumb/v7-m/crtbegin.o
 .text          0x0000000008000170       0x14 c:/st/stm32cubeide_1.4.0/stm32cubeide/plugins/com.st.stm32cube.ide.mcu.externaltools.gnu-tools-for-stm32.7-2018-q2-update.win32_1.4.0.202007081208/tools/bin/../lib/gcc/arm-none-eabi/7.3.1/../../../../arm-none-eabi/lib/thumb/v7-m\libc_nano.a(lib_a-strcmp.o)
                0x0000000008000170                strcmp
 *(.text*)
 .text.__NVIC_SetPriority
                0x0000000008000184       0x54 My_Own_RTOS/CortexMx_OS_Porting.o
 .text.SysTick_Config
                0x00000000080001d8       0x44 My_Own_RTOS/CortexMx_OS_Porting.o
 .text.HardFault_Handler
                0x000000000800021c        0x6 My_Own_RTOS/CortexMx_OS_Porting.o
                0x000000000800021c                HardFault_Handler
 .text.MemManage_Handler
                0x0000000008000222        0x6 My_Own_RTOS/CortexMx_OS_Porting.o
                0x0000000008000222                MemManage_Handler
 .text.BusFault_Handler
                0x0000000008000228        0x6 My_Own_RTOS/CortexMx_OS_Porting.o
                0x0000000008000228                BusFault_Handler
 .text.UsageFault_Handler
                0x000000000800022e        0x6 My_Own_RTOS/CortexMx_OS_Porting.o
                0x000000000800022e                UsageFault_Handler
 .text.SVC_Handler
                0x0000000008000234       0x14 My_Own_RTOS/CortexMx_OS_Porting.o
                0x0000000008000234                SVC_Handler
 .text.HW_init  0x0000000008000248       0x26 My_Own_RTOS/CortexMx_OS_Porting.o
                0x0000000008000248                HW_init
 *fill*         0x000000000800026e        0x2 
 .text.Trigger_OS_PendSV
                0x0000000008000270       0x1c My_Own_RTOS/CortexMx_OS_Porting.o
                0x0000000008000270                Trigger_OS_PendSV
 .text.OS_Start_Ticker
                0x000000000800028c       0x12 My_Own_RTOS/CortexMx_OS_Porting.o
                0x000000000800028c                OS_Start_Ticker
 *fill*         0x000000000800029e        0x2 
 .text.SysTick_Handler
                0x00000000080002a0       0x28 My_Own_RTOS/CortexMx_OS_Porting.o
                0x00000000080002a0                SysTick_Handler
 .text.FIFO_init
                0x00000000080002c8       0x44 My_Own_RTOS/MYRTOS_FIFO.o
                0x00000000080002c8                FIFO_init
 .text.FIFO_IS_FULL
                0x000000000800030c       0x40 My_Own_RTOS/MYRTOS_FIFO.o
                0x000000000800030c                FIFO_IS_FULL
 .text.FIFO_IS_EMPTY
                0x000000000800034c       0x3c My_Own_RTOS/MYRTOS_FIFO.o
                0x000000000800034c                FIFO_IS_EMPTY
 .text.FIFO_Enqueue_Item
                0x0000000008000388       0x7a My_Own_RTOS/MYRTOS_FIFO.o
                0x0000000008000388                FIFO_Enqueue_Item
 .text.FIFO_Dequeue_Item
                0x0000000008000402       0x7c My_Own_RTOS/MYRTOS_FIFO.o
                0x0000000008000402                FIFO_Dequeue_Item
 *fill*         0x000000000800047e        0x2 
 .text.PendSV_Handler
                0x0000000008000480      0x1c4 My_Own_RTOS/Scheduler.o
                0x0000000008000480                PendSV_Handler
 .text.MyRTOS_Create_MainStack
                0x0000000008000644       0x3c My_Own_RTOS/Scheduler.o
                0x0000000008000644                MyRTOS_Create_MainStack
 .text.IDLE_TASK_FUNC
                0x0000000008000680       0x1c My_Own_RTOS/Scheduler.o
                0x0000000008000680                IDLE_TASK_FUNC
 .text.MYRTOS_init
                0x000000000800069c       0x78 My_Own_RTOS/Scheduler.o
                0x000000000800069c                MYRTOS_init
 .text.MyRTOS_Create_Task_Stack
                0x0000000008000714       0x7c My_Own_RTOS/Scheduler.o
                0x0000000008000714                MyRTOS_Create_Task_Stack
 .text.MyRTOS_Create_Task
                0x0000000008000790       0x84 My_Own_RTOS/Scheduler.o
                0x0000000008000790                MyRTOS_Create_Task
 .text.Bubble_Sort_Tasks
                0x0000000008000814       0x8c My_Own_RTOS/Scheduler.o
                0x0000000008000814                Bubble_Sort_Tasks
 .text.MyRTOS_Update_Scheduler_Tabel
                0x00000000080008a0       0x18 My_Own_RTOS/Scheduler.o
                0x00000000080008a0                MyRTOS_Update_Scheduler_Tabel
 .text.MyRTOS_Update_Ready_Queue
                0x00000000080008b8       0xdc My_Own_RTOS/Scheduler.o
                0x00000000080008b8                MyRTOS_Update_Ready_Queue
 .text.OS_Decide_What_Next
                0x0000000008000994       0xa4 My_Own_RTOS/Scheduler.o
                0x0000000008000994                OS_Decide_What_Next
 .text.OS_SVC_Services
                0x0000000008000a38      0x108 My_Own_RTOS/Scheduler.o
                0x0000000008000a38                OS_SVC_Services
 .text.MyRTOS_OS_SVC_Set
                0x0000000008000b40       0x50 My_Own_RTOS/Scheduler.o
                0x0000000008000b40                MyRTOS_OS_SVC_Set
 .text.MyRTOS_Activate_Task
                0x0000000008000b90       0x24 My_Own_RTOS/Scheduler.o
                0x0000000008000b90                MyRTOS_Activate_Task
 .text.MyRTOS_Terminate_Task
                0x0000000008000bb4       0x24 My_Own_RTOS/Scheduler.o
                0x0000000008000bb4                MyRTOS_Terminate_Task
 .text.MyRTOS_Start_OS
                0x0000000008000bd8       0x84 My_Own_RTOS/Scheduler.o
                0x0000000008000bd8                MyRTOS_Start_OS
 .text.MyRTOS_Update_Waiting_Time
                0x0000000008000c5c       0x88 My_Own_RTOS/Scheduler.o
                0x0000000008000c5c                MyRTOS_Update_Waiting_Time
 .text.MyRTOS_Mutex_Init
                0x0000000008000ce4       0x42 My_Own_RTOS/Scheduler.o
                0x0000000008000ce4                MyRTOS_Mutex_Init
 .text.MyRTOS_Acquire_Mutex
                0x0000000008000d26       0x5c My_Own_RTOS/Scheduler.o
                0x0000000008000d26                MyRTOS_Acquire_Mutex
 .text.MyRTOS_Release_Mutex
                0x0000000008000d82       0x4c My_Own_RTOS/Scheduler.o
                0x0000000008000d82                MyRTOS_Release_Mutex
 *fill*         0x0000000008000dce        0x2 
 .text.EXTI0_IRQHandler
                0x0000000008000dd0       0x24 STM32_F103C6_Drivers/EXTI/STM32F103x8_EXTI_Driver.o
                0x0000000008000dd0                EXTI0_IRQHandler
 .text.EXTI1_IRQHandler
                0x0000000008000df4       0x24 STM32_F103C6_Drivers/EXTI/STM32F103x8_EXTI_Driver.o
                0x0000000008000df4                EXTI1_IRQHandler
 .text.EXTI2_IRQHandler
                0x0000000008000e18       0x24 STM32_F103C6_Drivers/EXTI/STM32F103x8_EXTI_Driver.o
                0x0000000008000e18                EXTI2_IRQHandler
 .text.EXTI3_IRQHandler
                0x0000000008000e3c       0x24 STM32_F103C6_Drivers/EXTI/STM32F103x8_EXTI_Driver.o
                0x0000000008000e3c                EXTI3_IRQHandler
 .text.EXTI4_IRQHandler
                0x0000000008000e60       0x24 STM32_F103C6_Drivers/EXTI/STM32F103x8_EXTI_Driver.o
                0x0000000008000e60                EXTI4_IRQHandler
 .text.EXTI9_5_IRQHandler
                0x0000000008000e84       0xa8 STM32_F103C6_Drivers/EXTI/STM32F103x8_EXTI_Driver.o
                0x0000000008000e84                EXTI9_5_IRQHandler
 .text.EXTI15_10_IRQHandler
                0x0000000008000f2c       0xc4 STM32_F103C6_Drivers/EXTI/STM32F103x8_EXTI_Driver.o
                0x0000000008000f2c                EXTI15_10_IRQHandler
 .text.Task1_Func
                0x0000000008000ff0       0x68 Src/main.o
                0x0000000008000ff0                Task1_Func
 .text.Task2_Func
                0x0000000008001058       0x50 Src/main.o
                0x0000000008001058                Task2_Func
 .text.Task3_Func
                0x00000000080010a8       0x50 Src/main.o
                0x00000000080010a8                Task3_Func
 .text.Task4_Func
                0x00000000080010f8       0x64 Src/main.o
                0x00000000080010f8                Task4_Func
 .text.main     0x000000000800115c      0x19c Src/main.o
                0x000000000800115c                main
 .text.Reset_Handler
                0x00000000080012f8       0x50 Startup/startup_stm32f103c8tx.o
                0x00000000080012f8                Reset_Handler
 .text.Default_Handler
                0x0000000008001348        0x2 Startup/startup_stm32f103c8tx.o
                0x0000000008001348                TIM8_TRG_COM_IRQHandler
                0x0000000008001348                TIM8_CC_IRQHandler
                0x0000000008001348                DebugMon_Handler
                0x0000000008001348                TIM1_CC_IRQHandler
                0x0000000008001348                TIM6_IRQHandler
                0x0000000008001348                PVD_IRQHandler
                0x0000000008001348                SDIO_IRQHandler
                0x0000000008001348                NMI_Handler
                0x0000000008001348                USB_HP_CAN_TX_IRQHandler
                0x0000000008001348                I2C2_EV_IRQHandler
                0x0000000008001348                ADC1_2_IRQHandler
                0x0000000008001348                SPI1_IRQHandler
                0x0000000008001348                CAN_SCE_IRQHandler
                0x0000000008001348                TAMPER_IRQHandler
                0x0000000008001348                TIM8_UP_IRQHandler
                0x0000000008001348                DMA2_Channel2_IRQHandler
                0x0000000008001348                DMA1_Channel4_IRQHandler
                0x0000000008001348                USART3_IRQHandler
                0x0000000008001348                RTC_IRQHandler
                0x0000000008001348                DMA1_Channel7_IRQHandler
                0x0000000008001348                UART5_IRQHandler
                0x0000000008001348                ADC3_IRQHandler
                0x0000000008001348                TIM4_IRQHandler
                0x0000000008001348                CAN_RX1_IRQHandler
                0x0000000008001348                DMA2_Channel1_IRQHandler
                0x0000000008001348                I2C1_EV_IRQHandler
                0x0000000008001348                DMA1_Channel6_IRQHandler
                0x0000000008001348                UART4_IRQHandler
                0x0000000008001348                TIM3_IRQHandler
                0x0000000008001348                RCC_IRQHandler
                0x0000000008001348                TIM1_TRG_COM_IRQHandler
                0x0000000008001348                DMA1_Channel1_IRQHandler
                0x0000000008001348                Default_Handler
                0x0000000008001348                TIM7_IRQHandler
                0x0000000008001348                TIM5_IRQHandler
                0x0000000008001348                SPI2_IRQHandler
                0x0000000008001348                USB_LP_CAN_RX0_IRQHandler
                0x0000000008001348                DMA1_Channel5_IRQHandler
                0x0000000008001348                DMA1_Channel3_IRQHandler
                0x0000000008001348                FSMC_IRQHandler
                0x0000000008001348                TIM1_UP_IRQHandler
                0x0000000008001348                WWDG_IRQHandler
                0x0000000008001348                TIM2_IRQHandler
                0x0000000008001348                TIM1_BRK_IRQHandler
                0x0000000008001348                RTCAlarm_IRQHandler
                0x0000000008001348                DMA2_Channel4_5_IRQHandler
                0x0000000008001348                USART2_IRQHandler
                0x0000000008001348                I2C2_ER_IRQHandler
                0x0000000008001348                DMA1_Channel2_IRQHandler
                0x0000000008001348                TIM8_BRK_IRQHandler
                0x0000000008001348                FLASH_IRQHandler
                0x0000000008001348                USART1_IRQHandler
                0x0000000008001348                SPI3_IRQHandler
                0x0000000008001348                I2C1_ER_IRQHandler
                0x0000000008001348                DMA2_Channel3_IRQHandler
 *fill*         0x000000000800134a        0x2 
 .text.__libc_init_array
                0x000000000800134c       0x48 c:/st/stm32cubeide_1.4.0/stm32cubeide/plugins/com.st.stm32cube.ide.mcu.externaltools.gnu-tools-for-stm32.7-2018-q2-update.win32_1.4.0.202007081208/tools/bin/../lib/gcc/arm-none-eabi/7.3.1/../../../../arm-none-eabi/lib/thumb/v7-m\libc_nano.a(lib_a-init.o)
                0x000000000800134c                __libc_init_array
 .text.strcpy   0x0000000008001394       0x10 c:/st/stm32cubeide_1.4.0/stm32cubeide/plugins/com.st.stm32cube.ide.mcu.externaltools.gnu-tools-for-stm32.7-2018-q2-update.win32_1.4.0.202007081208/tools/bin/../lib/gcc/arm-none-eabi/7.3.1/../../../../arm-none-eabi/lib/thumb/v7-m\libc_nano.a(lib_a-strcpy.o)
                0x0000000008001394                strcpy
 *(.glue_7)
 .glue_7        0x00000000080013a4        0x0 linker stubs
 *(.glue_7t)
 .glue_7t       0x00000000080013a4        0x0 linker stubs
 *(.eh_frame)
 .eh_frame      0x00000000080013a4        0x0 c:/st/stm32cubeide_1.4.0/stm32cubeide/plugins/com.st.stm32cube.ide.mcu.externaltools.gnu-tools-for-stm32.7-2018-q2-update.win32_1.4.0.202007081208/tools/bin/../lib/gcc/arm-none-eabi/7.3.1/thumb/v7-m/crtbegin.o
 *(.init)
 .init          0x00000000080013a4        0x4 c:/st/stm32cubeide_1.4.0/stm32cubeide/plugins/com.st.stm32cube.ide.mcu.externaltools.gnu-tools-for-stm32.7-2018-q2-update.win32_1.4.0.202007081208/tools/bin/../lib/gcc/arm-none-eabi/7.3.1/thumb/v7-m/crti.o
                0x00000000080013a4                _init
 .init          0x00000000080013a8        0x8 c:/st/stm32cubeide_1.4.0/stm32cubeide/plugins/com.st.stm32cube.ide.mcu.externaltools.gnu-tools-for-stm32.7-2018-q2-update.win32_1.4.0.202007081208/tools/bin/../lib/gcc/arm-none-eabi/7.3.1/thumb/v7-m/crtn.o
 *(.fini)
 .fini          0x00000000080013b0        0x4 c:/st/stm32cubeide_1.4.0/stm32cubeide/plugins/com.st.stm32cube.ide.mcu.externaltools.gnu-tools-for-stm32.7-2018-q2-update.win32_1.4.0.202007081208/tools/bin/../lib/gcc/arm-none-eabi/7.3.1/thumb/v7-m/crti.o
                0x00000000080013b0                _fini
 .fini          0x00000000080013b4        0x8 c:/st/stm32cubeide_1.4.0/stm32cubeide/plugins/com.st.stm32cube.ide.mcu.externaltools.gnu-tools-for-stm32.7-2018-q2-update.win32_1.4.0.202007081208/tools/bin/../lib/gcc/arm-none-eabi/7.3.1/thumb/v7-m/crtn.o
                0x00000000080013bc                . = ALIGN (0x4)
                0x00000000080013bc                _etext = .

.vfp11_veneer   0x00000000080013bc        0x0
 .vfp11_veneer  0x00000000080013bc        0x0 linker stubs

.v4_bx          0x00000000080013bc        0x0
 .v4_bx         0x00000000080013bc        0x0 linker stubs

.iplt           0x00000000080013bc        0x0
 .iplt          0x00000000080013bc        0x0 c:/st/stm32cubeide_1.4.0/stm32cubeide/plugins/com.st.stm32cube.ide.mcu.externaltools.gnu-tools-for-stm32.7-2018-q2-update.win32_1.4.0.202007081208/tools/bin/../lib/gcc/arm-none-eabi/7.3.1/thumb/v7-m/crtbegin.o

.rodata         0x00000000080013bc       0x3c
                0x00000000080013bc                . = ALIGN (0x4)
 *(.rodata)
 .rodata        0x00000000080013bc        0xa My_Own_RTOS/Scheduler.o
 *fill*         0x00000000080013c6        0x2 
 .rodata        0x00000000080013c8       0x2f Src/main.o
 *(.rodata*)
                0x00000000080013f8                . = ALIGN (0x4)
 *fill*         0x00000000080013f7        0x1 

.rel.dyn        0x00000000080013f8        0x0
 .rel.iplt      0x00000000080013f8        0x0 c:/st/stm32cubeide_1.4.0/stm32cubeide/plugins/com.st.stm32cube.ide.mcu.externaltools.gnu-tools-for-stm32.7-2018-q2-update.win32_1.4.0.202007081208/tools/bin/../lib/gcc/arm-none-eabi/7.3.1/thumb/v7-m/crtbegin.o

.ARM.extab      0x00000000080013f8        0x0
                0x00000000080013f8                . = ALIGN (0x4)
 *(.ARM.extab* .gnu.linkonce.armextab.*)
                0x00000000080013f8                . = ALIGN (0x4)

.ARM            0x00000000080013f8        0x0
                0x00000000080013f8                . = ALIGN (0x4)
                0x00000000080013f8                __exidx_start = .
 *(.ARM.exidx*)
                0x00000000080013f8                __exidx_end = .
                0x00000000080013f8                . = ALIGN (0x4)

.preinit_array  0x00000000080013f8        0x0
                0x00000000080013f8                . = ALIGN (0x4)
                0x00000000080013f8                PROVIDE (__preinit_array_start = .)
 *(.preinit_array*)
                0x00000000080013f8                PROVIDE (__preinit_array_end = .)
                0x00000000080013f8                . = ALIGN (0x4)

.init_array     0x00000000080013f8        0x4
                0x00000000080013f8                . = ALIGN (0x4)
                0x00000000080013f8                PROVIDE (__init_array_start = .)
 *(SORT_BY_NAME(.init_array.*))
 *(.init_array*)
 .init_array    0x00000000080013f8        0x4 c:/st/stm32cubeide_1.4.0/stm32cubeide/plugins/com.st.stm32cube.ide.mcu.externaltools.gnu-tools-for-stm32.7-2018-q2-update.win32_1.4.0.202007081208/tools/bin/../lib/gcc/arm-none-eabi/7.3.1/thumb/v7-m/crtbegin.o
                0x00000000080013fc                PROVIDE (__init_array_end = .)
                0x00000000080013fc                . = ALIGN (0x4)

.fini_array     0x00000000080013fc        0x4
                0x00000000080013fc                . = ALIGN (0x4)
                [!provide]                        PROVIDE (__fini_array_start = .)
 *(SORT_BY_NAME(.fini_array.*))
 *(.fini_array*)
 .fini_array    0x00000000080013fc        0x4 c:/st/stm32cubeide_1.4.0/stm32cubeide/plugins/com.st.stm32cube.ide.mcu.externaltools.gnu-tools-for-stm32.7-2018-q2-update.win32_1.4.0.202007081208/tools/bin/../lib/gcc/arm-none-eabi/7.3.1/thumb/v7-m/crtbegin.o
                [!provide]                        PROVIDE (__fini_array_end = .)
                0x0000000008001400                . = ALIGN (0x4)
                0x0000000008001400                _sidata = LOADADDR (.data)

.data           0x0000000020000000        0x8 load address 0x0000000008001400
                0x0000000020000000                . = ALIGN (0x4)
                0x0000000020000000                _sdata = .
 *(.data)
 *(.data*)
 .data.data1    0x0000000020000000        0x3 Src/main.o
                0x0000000020000000                data1
 *fill*         0x0000000020000003        0x1 
 .data.data2    0x0000000020000004        0x3 Src/main.o
                0x0000000020000004                data2
                0x0000000020000008                . = ALIGN (0x4)
 *fill*         0x0000000020000007        0x1 
                0x0000000020000008                _edata = .

.igot.plt       0x0000000020000008        0x0 load address 0x0000000008001408
 .igot.plt      0x0000000020000008        0x0 c:/st/stm32cubeide_1.4.0/stm32cubeide/plugins/com.st.stm32cube.ide.mcu.externaltools.gnu-tools-for-stm32.7-2018-q2-update.win32_1.4.0.202007081208/tools/bin/../lib/gcc/arm-none-eabi/7.3.1/thumb/v7-m/crtbegin.o
                0x0000000020000008                . = ALIGN (0x4)

.bss            0x0000000020000008      0x580 load address 0x0000000008001408
                0x0000000020000008                _sbss = .
                0x0000000020000008                __bss_start__ = _sbss
 *(.bss)
 .bss           0x0000000020000008       0x1c c:/st/stm32cubeide_1.4.0/stm32cubeide/plugins/com.st.stm32cube.ide.mcu.externaltools.gnu-tools-for-stm32.7-2018-q2-update.win32_1.4.0.202007081208/tools/bin/../lib/gcc/arm-none-eabi/7.3.1/thumb/v7-m/crtbegin.o
 *(.bss*)
 .bss.count.5526
                0x0000000020000024        0x4 Src/main.o
 .bss.count.5531
                0x0000000020000028        0x4 Src/main.o
 .bss.count.5536
                0x000000002000002c        0x4 Src/main.o
 .bss.count.5541
                0x0000000020000030        0x4 Src/main.o
 *(COMMON)
 COMMON         0x0000000020000034        0x1 My_Own_RTOS/CortexMx_OS_Porting.o
                0x0000000020000034                SysTick_Led
 *fill*         0x0000000020000035        0x3 
 COMMON         0x0000000020000038      0x398 My_Own_RTOS/Scheduler.o
                0x0000000020000038                IDLE_Task_Led
                0x000000002000003c                Ready_Queue
                0x0000000020000050                OS_Control_t
                0x00000000200001fc                MyRTOS_IDLE_TASK
                0x0000000020000240                Ready_Queue_FIFO
 COMMON         0x00000000200003d0       0x3c STM32_F103C6_Drivers/EXTI/STM32F103x8_EXTI_Driver.o
                0x00000000200003d0                GP_IRQ_CallBack
 COMMON         0x000000002000040c      0x17a Src/main.o
                0x000000002000040c                Task4
                0x0000000020000450                MUTEX1
                0x0000000020000480                Task1
                0x00000000200004c4                Task1_Led
                0x00000000200004c8                MUTEX2
                0x00000000200004f8                Task3
                0x000000002000053c                Task3_Led
                0x0000000020000540                Task2
                0x0000000020000584                Task2_Led
                0x0000000020000585                Task4_Led
                0x0000000020000588                . = ALIGN (0x4)
 *fill*         0x0000000020000586        0x2 
                0x0000000020000588                _ebss = .
                0x0000000020000588                __bss_end__ = _ebss

._user_heap_stack
                0x0000000020000588      0x600 load address 0x0000000008001408
                0x0000000020000588                . = ALIGN (0x8)
                [!provide]                        PROVIDE (end = .)
                0x0000000020000588                PROVIDE (_end = .)
                0x0000000020000788                . = (. + _Min_Heap_Size)
 *fill*         0x0000000020000588      0x200 
                0x0000000020000b88                . = (. + _Min_Stack_Size)
 *fill*         0x0000000020000788      0x400 
                0x0000000020000b88                . = ALIGN (0x8)
                0x0000000020000b88                _eheap = .

/DISCARD/
 libc.a(*)
 libm.a(*)
 libgcc.a(*)

.ARM.attributes
                0x0000000000000000       0x29
 *(.ARM.attributes)
 .ARM.attributes
                0x0000000000000000       0x1d c:/st/stm32cubeide_1.4.0/stm32cubeide/plugins/com.st.stm32cube.ide.mcu.externaltools.gnu-tools-for-stm32.7-2018-q2-update.win32_1.4.0.202007081208/tools/bin/../lib/gcc/arm-none-eabi/7.3.1/thumb/v7-m/crti.o
 .ARM.attributes
                0x000000000000001d       0x2d c:/st/stm32cubeide_1.4.0/stm32cubeide/plugins/com.st.stm32cube.ide.mcu.externaltools.gnu-tools-for-stm32.7-2018-q2-update.win32_1.4.0.202007081208/tools/bin/../lib/gcc/arm-none-eabi/7.3.1/thumb/v7-m/crtbegin.o
 .ARM.attributes
                0x000000000000004a       0x33 My_Own_RTOS/CortexMx_OS_Porting.o
 .ARM.attributes
                0x000000000000007d       0x33 My_Own_RTOS/MYRTOS_FIFO.o
 .ARM.attributes
                0x00000000000000b0       0x33 My_Own_RTOS/Scheduler.o
 .ARM.attributes
                0x00000000000000e3       0x33 STM32_F103C6_Drivers/EXTI/STM32F103x8_EXTI_Driver.o
 .ARM.attributes
                0x0000000000000116       0x33 Src/main.o
 .ARM.attributes
                0x0000000000000149       0x21 Startup/startup_stm32f103c8tx.o
 .ARM.attributes
                0x000000000000016a       0x2d c:/st/stm32cubeide_1.4.0/stm32cubeide/plugins/com.st.stm32cube.ide.mcu.externaltools.gnu-tools-for-stm32.7-2018-q2-update.win32_1.4.0.202007081208/tools/bin/../lib/gcc/arm-none-eabi/7.3.1/../../../../arm-none-eabi/lib/thumb/v7-m\libc_nano.a(lib_a-init.o)
 .ARM.attributes
                0x0000000000000197       0x1b c:/st/stm32cubeide_1.4.0/stm32cubeide/plugins/com.st.stm32cube.ide.mcu.externaltools.gnu-tools-for-stm32.7-2018-q2-update.win32_1.4.0.202007081208/tools/bin/../lib/gcc/arm-none-eabi/7.3.1/../../../../arm-none-eabi/lib/thumb/v7-m\libc_nano.a(lib_a-strcmp.o)
 .ARM.attributes
                0x00000000000001b2       0x2d c:/st/stm32cubeide_1.4.0/stm32cubeide/plugins/com.st.stm32cube.ide.mcu.externaltools.gnu-tools-for-stm32.7-2018-q2-update.win32_1.4.0.202007081208/tools/bin/../lib/gcc/arm-none-eabi/7.3.1/../../../../arm-none-eabi/lib/thumb/v7-m\libc_nano.a(lib_a-strcpy.o)
 .ARM.attributes
                0x00000000000001df       0x1d c:/st/stm32cubeide_1.4.0/stm32cubeide/plugins/com.st.stm32cube.ide.mcu.externaltools.gnu-tools-for-stm32.7-2018-q2-update.win32_1.4.0.202007081208/tools/bin/../lib/gcc/arm-none-eabi/7.3.1/thumb/v7-m/crtn.o
OUTPUT(Create_My_Own_RTOS.axf elf32-littlearm)

.debug_info     0x0000000000000000     0x41aa
 .debug_info    0x0000000000000000      0x66a My_Own_RTOS/CortexMx_OS_Porting.o
 .debug_info    0x000000000000066a      0xcdb My_Own_RTOS/MYRTOS_FIFO.o
 .debug_info    0x0000000000001345     0x12ae My_Own_RTOS/Scheduler.o
 .debug_info    0x00000000000025f3      0xdc2 STM32_F103C6_Drivers/EXTI/STM32F103x8_EXTI_Driver.o
 .debug_info    0x00000000000033b5      0xdd3 Src/main.o
 .debug_info    0x0000000000004188       0x22 Startup/startup_stm32f103c8tx.o

.debug_abbrev   0x0000000000000000      0xacc
 .debug_abbrev  0x0000000000000000      0x1dd My_Own_RTOS/CortexMx_OS_Porting.o
 .debug_abbrev  0x00000000000001dd      0x1f3 My_Own_RTOS/MYRTOS_FIFO.o
 .debug_abbrev  0x00000000000003d0      0x2bc My_Own_RTOS/Scheduler.o
 .debug_abbrev  0x000000000000068c      0x22a STM32_F103C6_Drivers/EXTI/STM32F103x8_EXTI_Driver.o
 .debug_abbrev  0x00000000000008b6      0x204 Src/main.o
 .debug_abbrev  0x0000000000000aba       0x12 Startup/startup_stm32f103c8tx.o

.debug_loc      0x0000000000000000      0xe14
 .debug_loc     0x0000000000000000      0x248 My_Own_RTOS/CortexMx_OS_Porting.o
 .debug_loc     0x0000000000000248      0x1b4 My_Own_RTOS/MYRTOS_FIFO.o
 .debug_loc     0x00000000000003fc      0x610 My_Own_RTOS/Scheduler.o
 .debug_loc     0x0000000000000a0c      0x320 STM32_F103C6_Drivers/EXTI/STM32F103x8_EXTI_Driver.o
 .debug_loc     0x0000000000000d2c       0xe8 Src/main.o

.debug_aranges  0x0000000000000000      0x258
 .debug_aranges
                0x0000000000000000       0x70 My_Own_RTOS/CortexMx_OS_Porting.o
 .debug_aranges
                0x0000000000000070       0x40 My_Own_RTOS/MYRTOS_FIFO.o
 .debug_aranges
                0x00000000000000b0       0xc0 My_Own_RTOS/Scheduler.o
 .debug_aranges
                0x0000000000000170       0x80 STM32_F103C6_Drivers/EXTI/STM32F103x8_EXTI_Driver.o
 .debug_aranges
                0x00000000000001f0       0x40 Src/main.o
 .debug_aranges
                0x0000000000000230       0x28 Startup/startup_stm32f103c8tx.o

.debug_ranges   0x0000000000000000      0x200
 .debug_ranges  0x0000000000000000       0x60 My_Own_RTOS/CortexMx_OS_Porting.o
 .debug_ranges  0x0000000000000060       0x30 My_Own_RTOS/MYRTOS_FIFO.o
 .debug_ranges  0x0000000000000090       0xb0 My_Own_RTOS/Scheduler.o
 .debug_ranges  0x0000000000000140       0x70 STM32_F103C6_Drivers/EXTI/STM32F103x8_EXTI_Driver.o
 .debug_ranges  0x00000000000001b0       0x30 Src/main.o
 .debug_ranges  0x00000000000001e0       0x20 Startup/startup_stm32f103c8tx.o

.debug_macro    0x0000000000000000     0x463c
 .debug_macro   0x0000000000000000       0xce My_Own_RTOS/CortexMx_OS_Porting.o
 .debug_macro   0x00000000000000ce      0xa60 My_Own_RTOS/CortexMx_OS_Porting.o
 .debug_macro   0x0000000000000b2e       0x28 My_Own_RTOS/CortexMx_OS_Porting.o
 .debug_macro   0x0000000000000b56       0x22 My_Own_RTOS/CortexMx_OS_Porting.o
 .debug_macro   0x0000000000000b78       0x8e My_Own_RTOS/CortexMx_OS_Porting.o
 .debug_macro   0x0000000000000c06       0x51 My_Own_RTOS/CortexMx_OS_Porting.o
 .debug_macro   0x0000000000000c57       0xef My_Own_RTOS/CortexMx_OS_Porting.o
 .debug_macro   0x0000000000000d46       0x6a My_Own_RTOS/CortexMx_OS_Porting.o
 .debug_macro   0x0000000000000db0      0x1df My_Own_RTOS/CortexMx_OS_Porting.o
 .debug_macro   0x0000000000000f8f       0x1c My_Own_RTOS/CortexMx_OS_Porting.o
 .debug_macro   0x0000000000000fab       0x22 My_Own_RTOS/CortexMx_OS_Porting.o
 .debug_macro   0x0000000000000fcd       0xe5 My_Own_RTOS/CortexMx_OS_Porting.o
 .debug_macro   0x00000000000010b2      0xe2e My_Own_RTOS/CortexMx_OS_Porting.o
 .debug_macro   0x0000000000001ee0      0x11f My_Own_RTOS/CortexMx_OS_Porting.o
 .debug_macro   0x0000000000001fff       0x2e My_Own_RTOS/CortexMx_OS_Porting.o
 .debug_macro   0x000000000000202d      0x2ab My_Own_RTOS/MYRTOS_FIFO.o
 .debug_macro   0x00000000000022d8       0x40 My_Own_RTOS/MYRTOS_FIFO.o
 .debug_macro   0x0000000000002318       0x18 My_Own_RTOS/MYRTOS_FIFO.o
 .debug_macro   0x0000000000002330       0x94 My_Own_RTOS/MYRTOS_FIFO.o
 .debug_macro   0x00000000000023c4       0x3c My_Own_RTOS/MYRTOS_FIFO.o
 .debug_macro   0x0000000000002400       0x34 My_Own_RTOS/MYRTOS_FIFO.o
 .debug_macro   0x0000000000002434       0x16 My_Own_RTOS/MYRTOS_FIFO.o
 .debug_macro   0x000000000000244a       0x57 My_Own_RTOS/MYRTOS_FIFO.o
 .debug_macro   0x00000000000024a1       0x97 My_Own_RTOS/MYRTOS_FIFO.o
 .debug_macro   0x0000000000002538      0x330 My_Own_RTOS/MYRTOS_FIFO.o
 .debug_macro   0x0000000000002868       0xfd My_Own_RTOS/MYRTOS_FIFO.o
 .debug_macro   0x0000000000002965       0x10 My_Own_RTOS/MYRTOS_FIFO.o
 .debug_macro   0x0000000000002975       0x52 My_Own_RTOS/MYRTOS_FIFO.o
 .debug_macro   0x00000000000029c7       0x1f My_Own_RTOS/MYRTOS_FIFO.o
 .debug_macro   0x00000000000029e6       0x43 My_Own_RTOS/MYRTOS_FIFO.o
 .debug_macro   0x0000000000002a29       0x20 My_Own_RTOS/MYRTOS_FIFO.o
 .debug_macro   0x0000000000002a49      0x1a3 My_Own_RTOS/MYRTOS_FIFO.o
 .debug_macro   0x0000000000002bec       0x10 My_Own_RTOS/MYRTOS_FIFO.o
 .debug_macro   0x0000000000002bfc       0x1c My_Own_RTOS/MYRTOS_FIFO.o
 .debug_macro   0x0000000000002c18       0x52 My_Own_RTOS/MYRTOS_FIFO.o
 .debug_macro   0x0000000000002c6a       0x40 My_Own_RTOS/MYRTOS_FIFO.o
 .debug_macro   0x0000000000002caa       0x10 My_Own_RTOS/MYRTOS_FIFO.o
 .debug_macro   0x0000000000002cba       0x40 My_Own_RTOS/MYRTOS_FIFO.o
 .debug_macro   0x0000000000002cfa       0xd7 My_Own_RTOS/MYRTOS_FIFO.o
 .debug_macro   0x0000000000002dd1       0x1c My_Own_RTOS/MYRTOS_FIFO.o
 .debug_macro   0x0000000000002ded       0x3d My_Own_RTOS/MYRTOS_FIFO.o
 .debug_macro   0x0000000000002e2a       0x16 My_Own_RTOS/MYRTOS_FIFO.o
 .debug_macro   0x0000000000002e40      0x145 My_Own_RTOS/MYRTOS_FIFO.o
 .debug_macro   0x0000000000002f85       0x16 My_Own_RTOS/MYRTOS_FIFO.o
 .debug_macro   0x0000000000002f9b       0x35 My_Own_RTOS/MYRTOS_FIFO.o
 .debug_macro   0x0000000000002fd0       0x16 My_Own_RTOS/MYRTOS_FIFO.o
 .debug_macro   0x0000000000002fe6       0x29 My_Own_RTOS/MYRTOS_FIFO.o
 .debug_macro   0x000000000000300f       0x16 My_Own_RTOS/MYRTOS_FIFO.o
 .debug_macro   0x0000000000003025       0x20 My_Own_RTOS/MYRTOS_FIFO.o
 .debug_macro   0x0000000000003045       0xdf My_Own_RTOS/MYRTOS_FIFO.o
 .debug_macro   0x0000000000003124      0x2bb My_Own_RTOS/Scheduler.o
 .debug_macro   0x00000000000033df       0x46 My_Own_RTOS/Scheduler.o
 .debug_macro   0x0000000000003425      0x32a My_Own_RTOS/Scheduler.o
 .debug_macro   0x000000000000374f      0x15c STM32_F103C6_Drivers/EXTI/STM32F103x8_EXTI_Driver.o
 .debug_macro   0x00000000000038ab      0x10e STM32_F103C6_Drivers/EXTI/STM32F103x8_EXTI_Driver.o
 .debug_macro   0x00000000000039b9       0x8d STM32_F103C6_Drivers/EXTI/STM32F103x8_EXTI_Driver.o
 .debug_macro   0x0000000000003a46      0x720 STM32_F103C6_Drivers/EXTI/STM32F103x8_EXTI_Driver.o
 .debug_macro   0x0000000000004166       0xd6 STM32_F103C6_Drivers/EXTI/STM32F103x8_EXTI_Driver.o
 .debug_macro   0x000000000000423c      0x227 STM32_F103C6_Drivers/EXTI/STM32F103x8_EXTI_Driver.o
 .debug_macro   0x0000000000004463      0x1d9 Src/main.o

.debug_line     0x0000000000000000     0x2619
 .debug_line    0x0000000000000000      0x585 My_Own_RTOS/CortexMx_OS_Porting.o
 .debug_line    0x0000000000000585      0x7a3 My_Own_RTOS/MYRTOS_FIFO.o
 .debug_line    0x0000000000000d28      0x9f7 My_Own_RTOS/Scheduler.o
 .debug_line    0x000000000000171f      0x713 STM32_F103C6_Drivers/EXTI/STM32F103x8_EXTI_Driver.o
 .debug_line    0x0000000000001e32      0x763 Src/main.o
 .debug_line    0x0000000000002595       0x84 Startup/startup_stm32f103c8tx.o

.debug_str      0x0000000000000000    0x12f7a
 .debug_str     0x0000000000000000     0xa41d My_Own_RTOS/CortexMx_OS_Porting.o
                                       0xa5b8 (size before relaxing)
 .debug_str     0x000000000000a41d     0x4721 My_Own_RTOS/MYRTOS_FIFO.o
                                       0xea52 (size before relaxing)
 .debug_str     0x000000000000eb3e      0x4cd My_Own_RTOS/Scheduler.o
                                       0xeefd (size before relaxing)
 .debug_str     0x000000000000f00b     0x3e9e STM32_F103C6_Drivers/EXTI/STM32F103x8_EXTI_Driver.o
                                       0xade1 (size before relaxing)
 .debug_str     0x0000000000012ea9       0xa0 Src/main.o
                                      0x11467 (size before relaxing)
 .debug_str     0x0000000000012f49       0x31 Startup/startup_stm32f103c8tx.o
                                         0x6d (size before relaxing)

.comment        0x0000000000000000       0x7b
 .comment       0x0000000000000000       0x7b My_Own_RTOS/CortexMx_OS_Porting.o
                                         0x7c (size before relaxing)
 .comment       0x000000000000007b       0x7c My_Own_RTOS/MYRTOS_FIFO.o
 .comment       0x000000000000007b       0x7c My_Own_RTOS/Scheduler.o
 .comment       0x000000000000007b       0x7c STM32_F103C6_Drivers/EXTI/STM32F103x8_EXTI_Driver.o
 .comment       0x000000000000007b       0x7c Src/main.o

.debug_frame    0x0000000000000000      0x7b8
 .debug_frame   0x0000000000000000      0x148 My_Own_RTOS/CortexMx_OS_Porting.o
 .debug_frame   0x0000000000000148       0xd0 My_Own_RTOS/MYRTOS_FIFO.o
 .debug_frame   0x0000000000000218      0x2e4 My_Own_RTOS/Scheduler.o
 .debug_frame   0x00000000000004fc      0x1b0 STM32_F103C6_Drivers/EXTI/STM32F103x8_EXTI_Driver.o
 .debug_frame   0x00000000000006ac       0xa0 Src/main.o
 .debug_frame   0x000000000000074c       0x2c c:/st/stm32cubeide_1.4.0/stm32cubeide/plugins/com.st.stm32cube.ide.mcu.externaltools.gnu-tools-for-stm32.7-2018-q2-update.win32_1.4.0.202007081208/tools/bin/../lib/gcc/arm-none-eabi/7.3.1/../../../../arm-none-eabi/lib/thumb/v7-m\libc_nano.a(lib_a-init.o)
 .debug_frame   0x0000000000000778       0x20 c:/st/stm32cubeide_1.4.0/stm32cubeide/plugins/com.st.stm32cube.ide.mcu.externaltools.gnu-tools-for-stm32.7-2018-q2-update.win32_1.4.0.202007081208/tools/bin/../lib/gcc/arm-none-eabi/7.3.1/../../../../arm-none-eabi/lib/thumb/v7-m\libc_nano.a(lib_a-strcmp.o)
 .debug_frame   0x0000000000000798       0x20 c:/st/stm32cubeide_1.4.0/stm32cubeide/plugins/com.st.stm32cube.ide.mcu.externaltools.gnu-tools-for-stm32.7-2018-q2-update.win32_1.4.0.202007081208/tools/bin/../lib/gcc/arm-none-eabi/7.3.1/../../../../arm-none-eabi/lib/thumb/v7-m\libc_nano.a(lib_a-strcpy.o)
