Archive member included to satisfy reference by file (symbol)

c:/st/stm32cubeide_1.4.0/stm32cubeide/plugins/com.st.stm32cube.ide.mcu.externaltools.gnu-tools-for-stm32.7-2018-q2-update.win32_1.4.0.202007081208/tools/bin/../lib/gcc/arm-none-eabi/7.3.1/../../../../arm-none-eabi/lib/thumb/v7-m\libc_nano.a(lib_a-errno.o)
                              Src/syscalls.o (__errno)
c:/st/stm32cubeide_1.4.0/stm32cubeide/plugins/com.st.stm32cube.ide.mcu.externaltools.gnu-tools-for-stm32.7-2018-q2-update.win32_1.4.0.202007081208/tools/bin/../lib/gcc/arm-none-eabi/7.3.1/../../../../arm-none-eabi/lib/thumb/v7-m\libc_nano.a(lib_a-exit.o)
                              c:/st/stm32cubeide_1.4.0/stm32cubeide/plugins/com.st.stm32cube.ide.mcu.externaltools.gnu-tools-for-stm32.7-2018-q2-update.win32_1.4.0.202007081208/tools/bin/../lib/gcc/arm-none-eabi/7.3.1/../../../../arm-none-eabi/lib/thumb/v7-m/crt0.o (exit)
c:/st/stm32cubeide_1.4.0/stm32cubeide/plugins/com.st.stm32cube.ide.mcu.externaltools.gnu-tools-for-stm32.7-2018-q2-update.win32_1.4.0.202007081208/tools/bin/../lib/gcc/arm-none-eabi/7.3.1/../../../../arm-none-eabi/lib/thumb/v7-m\libc_nano.a(lib_a-impure.o)
                              c:/st/stm32cubeide_1.4.0/stm32cubeide/plugins/com.st.stm32cube.ide.mcu.externaltools.gnu-tools-for-stm32.7-2018-q2-update.win32_1.4.0.202007081208/tools/bin/../lib/gcc/arm-none-eabi/7.3.1/../../../../arm-none-eabi/lib/thumb/v7-m\libc_nano.a(lib_a-exit.o) (_global_impure_ptr)
c:/st/stm32cubeide_1.4.0/stm32cubeide/plugins/com.st.stm32cube.ide.mcu.externaltools.gnu-tools-for-stm32.7-2018-q2-update.win32_1.4.0.202007081208/tools/bin/../lib/gcc/arm-none-eabi/7.3.1/../../../../arm-none-eabi/lib/thumb/v7-m\libc_nano.a(lib_a-init.o)
                              c:/st/stm32cubeide_1.4.0/stm32cubeide/plugins/com.st.stm32cube.ide.mcu.externaltools.gnu-tools-for-stm32.7-2018-q2-update.win32_1.4.0.202007081208/tools/bin/../lib/gcc/arm-none-eabi/7.3.1/../../../../arm-none-eabi/lib/thumb/v7-m/crt0.o (__libc_init_array)
c:/st/stm32cubeide_1.4.0/stm32cubeide/plugins/com.st.stm32cube.ide.mcu.externaltools.gnu-tools-for-stm32.7-2018-q2-update.win32_1.4.0.202007081208/tools/bin/../lib/gcc/arm-none-eabi/7.3.1/../../../../arm-none-eabi/lib/thumb/v7-m\libc_nano.a(lib_a-memset.o)
                              c:/st/stm32cubeide_1.4.0/stm32cubeide/plugins/com.st.stm32cube.ide.mcu.externaltools.gnu-tools-for-stm32.7-2018-q2-update.win32_1.4.0.202007081208/tools/bin/../lib/gcc/arm-none-eabi/7.3.1/../../../../arm-none-eabi/lib/thumb/v7-m/crt0.o (memset)

Allocating common symbols
Common symbol       size              file

Ready_Queue         0x14              My_Own_RTOS/Scheduler.o
OS_Control_t        0x1ac             My_Own_RTOS/Scheduler.o
MyRTOS_IDLE_TASK    0x44              My_Own_RTOS/Scheduler.o
GP_IRQ_CallBack     0x3c              STM32_F103C6_Drivers/EXTI/STM32F103x8_EXTI_Driver.o
Ready_Queue_FIFO    0x190             My_Own_RTOS/Scheduler.o

Discarded input sections

 .text          0x0000000000000000        0x0 c:/st/stm32cubeide_1.4.0/stm32cubeide/plugins/com.st.stm32cube.ide.mcu.externaltools.gnu-tools-for-stm32.7-2018-q2-update.win32_1.4.0.202007081208/tools/bin/../lib/gcc/arm-none-eabi/7.3.1/thumb/v7-m/crti.o
 .data          0x0000000000000000        0x0 c:/st/stm32cubeide_1.4.0/stm32cubeide/plugins/com.st.stm32cube.ide.mcu.externaltools.gnu-tools-for-stm32.7-2018-q2-update.win32_1.4.0.202007081208/tools/bin/../lib/gcc/arm-none-eabi/7.3.1/thumb/v7-m/crti.o
 .bss           0x0000000000000000        0x0 c:/st/stm32cubeide_1.4.0/stm32cubeide/plugins/com.st.stm32cube.ide.mcu.externaltools.gnu-tools-for-stm32.7-2018-q2-update.win32_1.4.0.202007081208/tools/bin/../lib/gcc/arm-none-eabi/7.3.1/thumb/v7-m/crti.o
 .data          0x0000000000000000        0x4 c:/st/stm32cubeide_1.4.0/stm32cubeide/plugins/com.st.stm32cube.ide.mcu.externaltools.gnu-tools-for-stm32.7-2018-q2-update.win32_1.4.0.202007081208/tools/bin/../lib/gcc/arm-none-eabi/7.3.1/thumb/v7-m/crtbegin.o
 .text          0x0000000000000000       0x74 c:/st/stm32cubeide_1.4.0/stm32cubeide/plugins/com.st.stm32cube.ide.mcu.externaltools.gnu-tools-for-stm32.7-2018-q2-update.win32_1.4.0.202007081208/tools/bin/../lib/gcc/arm-none-eabi/7.3.1/../../../../arm-none-eabi/lib/thumb/v7-m/crt0.o
 .data          0x0000000000000000        0x0 c:/st/stm32cubeide_1.4.0/stm32cubeide/plugins/com.st.stm32cube.ide.mcu.externaltools.gnu-tools-for-stm32.7-2018-q2-update.win32_1.4.0.202007081208/tools/bin/../lib/gcc/arm-none-eabi/7.3.1/../../../../arm-none-eabi/lib/thumb/v7-m/crt0.o
 .bss           0x0000000000000000        0x0 c:/st/stm32cubeide_1.4.0/stm32cubeide/plugins/com.st.stm32cube.ide.mcu.externaltools.gnu-tools-for-stm32.7-2018-q2-update.win32_1.4.0.202007081208/tools/bin/../lib/gcc/arm-none-eabi/7.3.1/../../../../arm-none-eabi/lib/thumb/v7-m/crt0.o
 .ARM.extab     0x0000000000000000        0x0 c:/st/stm32cubeide_1.4.0/stm32cubeide/plugins/com.st.stm32cube.ide.mcu.externaltools.gnu-tools-for-stm32.7-2018-q2-update.win32_1.4.0.202007081208/tools/bin/../lib/gcc/arm-none-eabi/7.3.1/../../../../arm-none-eabi/lib/thumb/v7-m/crt0.o
 .ARM.exidx     0x0000000000000000        0x8 c:/st/stm32cubeide_1.4.0/stm32cubeide/plugins/com.st.stm32cube.ide.mcu.externaltools.gnu-tools-for-stm32.7-2018-q2-update.win32_1.4.0.202007081208/tools/bin/../lib/gcc/arm-none-eabi/7.3.1/../../../../arm-none-eabi/lib/thumb/v7-m/crt0.o
 .ARM.attributes
                0x0000000000000000       0x1b c:/st/stm32cubeide_1.4.0/stm32cubeide/plugins/com.st.stm32cube.ide.mcu.externaltools.gnu-tools-for-stm32.7-2018-q2-update.win32_1.4.0.202007081208/tools/bin/../lib/gcc/arm-none-eabi/7.3.1/../../../../arm-none-eabi/lib/thumb/v7-m/crt0.o
 .group         0x0000000000000000        0xc My_Own_RTOS/CortexMx_OS_Porting.o
 .group         0x0000000000000000        0xc My_Own_RTOS/CortexMx_OS_Porting.o
 .group         0x0000000000000000        0xc My_Own_RTOS/CortexMx_OS_Porting.o
 .group         0x0000000000000000        0xc My_Own_RTOS/CortexMx_OS_Porting.o
 .group         0x0000000000000000        0xc My_Own_RTOS/CortexMx_OS_Porting.o
 .group         0x0000000000000000        0xc My_Own_RTOS/CortexMx_OS_Porting.o
 .group         0x0000000000000000        0xc My_Own_RTOS/CortexMx_OS_Porting.o
 .group         0x0000000000000000        0xc My_Own_RTOS/CortexMx_OS_Porting.o
 .group         0x0000000000000000        0xc My_Own_RTOS/CortexMx_OS_Porting.o
 .group         0x0000000000000000        0xc My_Own_RTOS/CortexMx_OS_Porting.o
 .group         0x0000000000000000        0xc My_Own_RTOS/CortexMx_OS_Porting.o
 .group         0x0000000000000000        0xc My_Own_RTOS/CortexMx_OS_Porting.o
 .group         0x0000000000000000        0xc My_Own_RTOS/CortexMx_OS_Porting.o
 .group         0x0000000000000000        0xc My_Own_RTOS/CortexMx_OS_Porting.o
 .text          0x0000000000000000        0x0 My_Own_RTOS/CortexMx_OS_Porting.o
 .data          0x0000000000000000        0x0 My_Own_RTOS/CortexMx_OS_Porting.o
 .bss           0x0000000000000000        0x0 My_Own_RTOS/CortexMx_OS_Porting.o
 .group         0x0000000000000000        0xc My_Own_RTOS/MYRTOS_FIFO.o
 .group         0x0000000000000000        0xc My_Own_RTOS/MYRTOS_FIFO.o
 .group         0x0000000000000000        0xc My_Own_RTOS/MYRTOS_FIFO.o
 .group         0x0000000000000000        0xc My_Own_RTOS/MYRTOS_FIFO.o
 .group         0x0000000000000000        0xc My_Own_RTOS/MYRTOS_FIFO.o
 .group         0x0000000000000000        0xc My_Own_RTOS/MYRTOS_FIFO.o
 .group         0x0000000000000000        0xc My_Own_RTOS/MYRTOS_FIFO.o
 .group         0x0000000000000000        0xc My_Own_RTOS/MYRTOS_FIFO.o
 .group         0x0000000000000000        0xc My_Own_RTOS/MYRTOS_FIFO.o
 .group         0x0000000000000000        0xc My_Own_RTOS/MYRTOS_FIFO.o
 .group         0x0000000000000000        0xc My_Own_RTOS/MYRTOS_FIFO.o
 .group         0x0000000000000000        0xc My_Own_RTOS/MYRTOS_FIFO.o
 .group         0x0000000000000000        0xc My_Own_RTOS/MYRTOS_FIFO.o
 .group         0x0000000000000000        0xc My_Own_RTOS/MYRTOS_FIFO.o
 .group         0x0000000000000000        0xc My_Own_RTOS/MYRTOS_FIFO.o
 .group         0x0000000000000000        0xc My_Own_RTOS/MYRTOS_FIFO.o
 .group         0x0000000000000000        0xc My_Own_RTOS/MYRTOS_FIFO.o
 .group         0x0000000000000000        0xc My_Own_RTOS/MYRTOS_FIFO.o
 .group         0x0000000000000000        0xc My_Own_RTOS/MYRTOS_FIFO.o
 .group         0x0000000000000000        0xc My_Own_RTOS/MYRTOS_FIFO.o
 .group         0x0000000000000000        0xc My_Own_RTOS/MYRTOS_FIFO.o
 .group         0x0000000000000000        0xc My_Own_RTOS/MYRTOS_FIFO.o
 .group         0x0000000000000000        0xc My_Own_RTOS/MYRTOS_FIFO.o
 .group         0x0000000000000000        0xc My_Own_RTOS/MYRTOS_FIFO.o
 .group         0x0000000000000000        0xc My_Own_RTOS/MYRTOS_FIFO.o
 .group         0x0000000000000000        0xc My_Own_RTOS/MYRTOS_FIFO.o
 .group         0x0000000000000000        0xc My_Own_RTOS/MYRTOS_FIFO.o
 .group         0x0000000000000000        0xc My_Own_RTOS/MYRTOS_FIFO.o
 .group         0x0000000000000000        0xc My_Own_RTOS/MYRTOS_FIFO.o
 .group         0x0000000000000000        0xc My_Own_RTOS/MYRTOS_FIFO.o
 .group         0x0000000000000000        0xc My_Own_RTOS/MYRTOS_FIFO.o
 .group         0x0000000000000000        0xc My_Own_RTOS/MYRTOS_FIFO.o
 .group         0x0000000000000000        0xc My_Own_RTOS/MYRTOS_FIFO.o
 .group         0x0000000000000000        0xc My_Own_RTOS/MYRTOS_FIFO.o
 .group         0x0000000000000000        0xc My_Own_RTOS/MYRTOS_FIFO.o
 .group         0x0000000000000000        0xc My_Own_RTOS/MYRTOS_FIFO.o
 .group         0x0000000000000000        0xc My_Own_RTOS/MYRTOS_FIFO.o
 .group         0x0000000000000000        0xc My_Own_RTOS/MYRTOS_FIFO.o
 .group         0x0000000000000000        0xc My_Own_RTOS/MYRTOS_FIFO.o
 .group         0x0000000000000000        0xc My_Own_RTOS/MYRTOS_FIFO.o
 .group         0x0000000000000000        0xc My_Own_RTOS/MYRTOS_FIFO.o
 .group         0x0000000000000000        0xc My_Own_RTOS/MYRTOS_FIFO.o
 .group         0x0000000000000000        0xc My_Own_RTOS/MYRTOS_FIFO.o
 .group         0x0000000000000000        0xc My_Own_RTOS/MYRTOS_FIFO.o
 .group         0x0000000000000000        0xc My_Own_RTOS/MYRTOS_FIFO.o
 .text          0x0000000000000000        0x0 My_Own_RTOS/MYRTOS_FIFO.o
 .data          0x0000000000000000        0x0 My_Own_RTOS/MYRTOS_FIFO.o
 .bss           0x0000000000000000        0x0 My_Own_RTOS/MYRTOS_FIFO.o
 .text.FIFO_IS_FULL
                0x0000000000000000       0x40 My_Own_RTOS/MYRTOS_FIFO.o
 .text.FIFO_Enqueue_Item
                0x0000000000000000       0x7a My_Own_RTOS/MYRTOS_FIFO.o
 .text.FIFO_Dequeue_Item
                0x0000000000000000       0x7c My_Own_RTOS/MYRTOS_FIFO.o
 .debug_macro   0x0000000000000000      0xa60 My_Own_RTOS/MYRTOS_FIFO.o
 .debug_macro   0x0000000000000000       0x22 My_Own_RTOS/MYRTOS_FIFO.o
 .debug_macro   0x0000000000000000       0x6a My_Own_RTOS/MYRTOS_FIFO.o
 .debug_macro   0x0000000000000000       0xef My_Own_RTOS/MYRTOS_FIFO.o
 .debug_macro   0x0000000000000000      0x1df My_Own_RTOS/MYRTOS_FIFO.o
 .debug_macro   0x0000000000000000       0x28 My_Own_RTOS/MYRTOS_FIFO.o
 .debug_macro   0x0000000000000000       0x1c My_Own_RTOS/MYRTOS_FIFO.o
 .debug_macro   0x0000000000000000       0x22 My_Own_RTOS/MYRTOS_FIFO.o
 .debug_macro   0x0000000000000000      0xe2e My_Own_RTOS/MYRTOS_FIFO.o
 .debug_macro   0x0000000000000000      0x11f My_Own_RTOS/MYRTOS_FIFO.o
 .debug_macro   0x0000000000000000       0x2e My_Own_RTOS/MYRTOS_FIFO.o
 .group         0x0000000000000000        0xc My_Own_RTOS/Scheduler.o
 .group         0x0000000000000000        0xc My_Own_RTOS/Scheduler.o
 .group         0x0000000000000000        0xc My_Own_RTOS/Scheduler.o
 .group         0x0000000000000000        0xc My_Own_RTOS/Scheduler.o
 .group         0x0000000000000000        0xc My_Own_RTOS/Scheduler.o
 .group         0x0000000000000000        0xc My_Own_RTOS/Scheduler.o
 .group         0x0000000000000000        0xc My_Own_RTOS/Scheduler.o
 .group         0x0000000000000000        0xc My_Own_RTOS/Scheduler.o
 .group         0x0000000000000000        0xc My_Own_RTOS/Scheduler.o
 .group         0x0000000000000000        0xc My_Own_RTOS/Scheduler.o
 .group         0x0000000000000000        0xc My_Own_RTOS/Scheduler.o
 .group         0x0000000000000000        0xc My_Own_RTOS/Scheduler.o
 .group         0x0000000000000000        0xc My_Own_RTOS/Scheduler.o
 .group         0x0000000000000000        0xc My_Own_RTOS/Scheduler.o
 .group         0x0000000000000000        0xc My_Own_RTOS/Scheduler.o
 .group         0x0000000000000000        0xc My_Own_RTOS/Scheduler.o
 .group         0x0000000000000000        0xc My_Own_RTOS/Scheduler.o
 .group         0x0000000000000000        0xc My_Own_RTOS/Scheduler.o
 .group         0x0000000000000000        0xc My_Own_RTOS/Scheduler.o
 .group         0x0000000000000000        0xc My_Own_RTOS/Scheduler.o
 .group         0x0000000000000000        0xc My_Own_RTOS/Scheduler.o
 .group         0x0000000000000000        0xc My_Own_RTOS/Scheduler.o
 .group         0x0000000000000000        0xc My_Own_RTOS/Scheduler.o
 .group         0x0000000000000000        0xc My_Own_RTOS/Scheduler.o
 .group         0x0000000000000000        0xc My_Own_RTOS/Scheduler.o
 .group         0x0000000000000000        0xc My_Own_RTOS/Scheduler.o
 .group         0x0000000000000000        0xc My_Own_RTOS/Scheduler.o
 .group         0x0000000000000000        0xc My_Own_RTOS/Scheduler.o
 .group         0x0000000000000000        0xc My_Own_RTOS/Scheduler.o
 .group         0x0000000000000000        0xc My_Own_RTOS/Scheduler.o
 .group         0x0000000000000000        0xc My_Own_RTOS/Scheduler.o
 .group         0x0000000000000000        0xc My_Own_RTOS/Scheduler.o
 .group         0x0000000000000000        0xc My_Own_RTOS/Scheduler.o
 .group         0x0000000000000000        0xc My_Own_RTOS/Scheduler.o
 .group         0x0000000000000000        0xc My_Own_RTOS/Scheduler.o
 .group         0x0000000000000000        0xc My_Own_RTOS/Scheduler.o
 .group         0x0000000000000000        0xc My_Own_RTOS/Scheduler.o
 .group         0x0000000000000000        0xc My_Own_RTOS/Scheduler.o
 .group         0x0000000000000000        0xc My_Own_RTOS/Scheduler.o
 .group         0x0000000000000000        0xc My_Own_RTOS/Scheduler.o
 .group         0x0000000000000000        0xc My_Own_RTOS/Scheduler.o
 .group         0x0000000000000000        0xc My_Own_RTOS/Scheduler.o
 .group         0x0000000000000000        0xc My_Own_RTOS/Scheduler.o
 .group         0x0000000000000000        0xc My_Own_RTOS/Scheduler.o
 .group         0x0000000000000000        0xc My_Own_RTOS/Scheduler.o
 .text          0x0000000000000000        0x0 My_Own_RTOS/Scheduler.o
 .data          0x0000000000000000        0x0 My_Own_RTOS/Scheduler.o
 .bss           0x0000000000000000        0x0 My_Own_RTOS/Scheduler.o
 .text.OS_SVC_Set
                0x0000000000000000       0x40 My_Own_RTOS/Scheduler.o
 .debug_macro   0x0000000000000000      0xa60 My_Own_RTOS/Scheduler.o
 .debug_macro   0x0000000000000000       0x28 My_Own_RTOS/Scheduler.o
 .debug_macro   0x0000000000000000       0x22 My_Own_RTOS/Scheduler.o
 .debug_macro   0x0000000000000000       0x8e My_Own_RTOS/Scheduler.o
 .debug_macro   0x0000000000000000       0x51 My_Own_RTOS/Scheduler.o
 .debug_macro   0x0000000000000000       0xef My_Own_RTOS/Scheduler.o
 .debug_macro   0x0000000000000000       0x6a My_Own_RTOS/Scheduler.o
 .debug_macro   0x0000000000000000      0x1df My_Own_RTOS/Scheduler.o
 .debug_macro   0x0000000000000000       0x1c My_Own_RTOS/Scheduler.o
 .debug_macro   0x0000000000000000       0x22 My_Own_RTOS/Scheduler.o
 .debug_macro   0x0000000000000000       0xe5 My_Own_RTOS/Scheduler.o
 .debug_macro   0x0000000000000000      0xe2e My_Own_RTOS/Scheduler.o
 .debug_macro   0x0000000000000000      0x11f My_Own_RTOS/Scheduler.o
 .debug_macro   0x0000000000000000       0x2e My_Own_RTOS/Scheduler.o
 .debug_macro   0x0000000000000000       0x18 My_Own_RTOS/Scheduler.o
 .debug_macro   0x0000000000000000       0x3c My_Own_RTOS/Scheduler.o
 .debug_macro   0x0000000000000000       0x34 My_Own_RTOS/Scheduler.o
 .debug_macro   0x0000000000000000       0x16 My_Own_RTOS/Scheduler.o
 .debug_macro   0x0000000000000000       0x97 My_Own_RTOS/Scheduler.o
 .debug_macro   0x0000000000000000       0xfd My_Own_RTOS/Scheduler.o
 .debug_macro   0x0000000000000000       0x10 My_Own_RTOS/Scheduler.o
 .debug_macro   0x0000000000000000       0x52 My_Own_RTOS/Scheduler.o
 .debug_macro   0x0000000000000000       0x1f My_Own_RTOS/Scheduler.o
 .debug_macro   0x0000000000000000       0x43 My_Own_RTOS/Scheduler.o
 .debug_macro   0x0000000000000000       0x20 My_Own_RTOS/Scheduler.o
 .debug_macro   0x0000000000000000      0x1a3 My_Own_RTOS/Scheduler.o
 .debug_macro   0x0000000000000000       0x10 My_Own_RTOS/Scheduler.o
 .debug_macro   0x0000000000000000       0x1c My_Own_RTOS/Scheduler.o
 .debug_macro   0x0000000000000000       0x52 My_Own_RTOS/Scheduler.o
 .debug_macro   0x0000000000000000       0x40 My_Own_RTOS/Scheduler.o
 .debug_macro   0x0000000000000000       0x10 My_Own_RTOS/Scheduler.o
 .debug_macro   0x0000000000000000       0x40 My_Own_RTOS/Scheduler.o
 .debug_macro   0x0000000000000000       0xd7 My_Own_RTOS/Scheduler.o
 .debug_macro   0x0000000000000000       0x1c My_Own_RTOS/Scheduler.o
 .debug_macro   0x0000000000000000       0x3d My_Own_RTOS/Scheduler.o
 .debug_macro   0x0000000000000000       0x16 My_Own_RTOS/Scheduler.o
 .debug_macro   0x0000000000000000      0x145 My_Own_RTOS/Scheduler.o
 .debug_macro   0x0000000000000000       0x16 My_Own_RTOS/Scheduler.o
 .debug_macro   0x0000000000000000       0x35 My_Own_RTOS/Scheduler.o
 .debug_macro   0x0000000000000000       0x16 My_Own_RTOS/Scheduler.o
 .debug_macro   0x0000000000000000       0x29 My_Own_RTOS/Scheduler.o
 .debug_macro   0x0000000000000000       0x16 My_Own_RTOS/Scheduler.o
 .debug_macro   0x0000000000000000       0x20 My_Own_RTOS/Scheduler.o
 .group         0x0000000000000000        0xc STM32_F103C6_Drivers/EXTI/STM32F103x8_EXTI_Driver.o
 .group         0x0000000000000000        0xc STM32_F103C6_Drivers/EXTI/STM32F103x8_EXTI_Driver.o
 .group         0x0000000000000000        0xc STM32_F103C6_Drivers/EXTI/STM32F103x8_EXTI_Driver.o
 .group         0x0000000000000000        0xc STM32_F103C6_Drivers/EXTI/STM32F103x8_EXTI_Driver.o
 .group         0x0000000000000000        0xc STM32_F103C6_Drivers/EXTI/STM32F103x8_EXTI_Driver.o
 .group         0x0000000000000000        0xc STM32_F103C6_Drivers/EXTI/STM32F103x8_EXTI_Driver.o
 .group         0x0000000000000000        0xc STM32_F103C6_Drivers/EXTI/STM32F103x8_EXTI_Driver.o
 .group         0x0000000000000000        0xc STM32_F103C6_Drivers/EXTI/STM32F103x8_EXTI_Driver.o
 .group         0x0000000000000000        0xc STM32_F103C6_Drivers/EXTI/STM32F103x8_EXTI_Driver.o
 .group         0x0000000000000000        0xc STM32_F103C6_Drivers/EXTI/STM32F103x8_EXTI_Driver.o
 .group         0x0000000000000000        0xc STM32_F103C6_Drivers/EXTI/STM32F103x8_EXTI_Driver.o
 .group         0x0000000000000000        0xc STM32_F103C6_Drivers/EXTI/STM32F103x8_EXTI_Driver.o
 .group         0x0000000000000000        0xc STM32_F103C6_Drivers/EXTI/STM32F103x8_EXTI_Driver.o
 .group         0x0000000000000000        0xc STM32_F103C6_Drivers/EXTI/STM32F103x8_EXTI_Driver.o
 .group         0x0000000000000000        0xc STM32_F103C6_Drivers/EXTI/STM32F103x8_EXTI_Driver.o
 .group         0x0000000000000000        0xc STM32_F103C6_Drivers/EXTI/STM32F103x8_EXTI_Driver.o
 .group         0x0000000000000000        0xc STM32_F103C6_Drivers/EXTI/STM32F103x8_EXTI_Driver.o
 .group         0x0000000000000000        0xc STM32_F103C6_Drivers/EXTI/STM32F103x8_EXTI_Driver.o
 .group         0x0000000000000000        0xc STM32_F103C6_Drivers/EXTI/STM32F103x8_EXTI_Driver.o
 .group         0x0000000000000000        0xc STM32_F103C6_Drivers/EXTI/STM32F103x8_EXTI_Driver.o
 .group         0x0000000000000000        0xc STM32_F103C6_Drivers/EXTI/STM32F103x8_EXTI_Driver.o
 .group         0x0000000000000000        0xc STM32_F103C6_Drivers/EXTI/STM32F103x8_EXTI_Driver.o
 .group         0x0000000000000000        0xc STM32_F103C6_Drivers/EXTI/STM32F103x8_EXTI_Driver.o
 .group         0x0000000000000000        0xc STM32_F103C6_Drivers/EXTI/STM32F103x8_EXTI_Driver.o
 .group         0x0000000000000000        0xc STM32_F103C6_Drivers/EXTI/STM32F103x8_EXTI_Driver.o
 .text          0x0000000000000000        0x0 STM32_F103C6_Drivers/EXTI/STM32F103x8_EXTI_Driver.o
 .data          0x0000000000000000        0x0 STM32_F103C6_Drivers/EXTI/STM32F103x8_EXTI_Driver.o
 .bss           0x0000000000000000        0x0 STM32_F103C6_Drivers/EXTI/STM32F103x8_EXTI_Driver.o
 .text.Updata_EXTI
                0x0000000000000000      0x1e0 STM32_F103C6_Drivers/EXTI/STM32F103x8_EXTI_Driver.o
 .text.Enable_NVIC
                0x0000000000000000       0xcc STM32_F103C6_Drivers/EXTI/STM32F103x8_EXTI_Driver.o
 .text.Disable_NVIC
                0x0000000000000000       0xcc STM32_F103C6_Drivers/EXTI/STM32F103x8_EXTI_Driver.o
 .text.MCAL_EXTI_GPIO_Init
                0x0000000000000000       0x16 STM32_F103C6_Drivers/EXTI/STM32F103x8_EXTI_Driver.o
 .text.MCAL_EXTI_GPIO_DeInit
                0x0000000000000000       0x94 STM32_F103C6_Drivers/EXTI/STM32F103x8_EXTI_Driver.o
 .text.MCAL_EXTI_GPIO_Update
                0x0000000000000000       0x16 STM32_F103C6_Drivers/EXTI/STM32F103x8_EXTI_Driver.o
 .debug_macro   0x0000000000000000      0xa60 STM32_F103C6_Drivers/EXTI/STM32F103x8_EXTI_Driver.o
 .debug_macro   0x0000000000000000       0x18 STM32_F103C6_Drivers/EXTI/STM32F103x8_EXTI_Driver.o
 .debug_macro   0x0000000000000000       0x22 STM32_F103C6_Drivers/EXTI/STM32F103x8_EXTI_Driver.o
 .debug_macro   0x0000000000000000       0x40 STM32_F103C6_Drivers/EXTI/STM32F103x8_EXTI_Driver.o
 .debug_macro   0x0000000000000000       0x94 STM32_F103C6_Drivers/EXTI/STM32F103x8_EXTI_Driver.o
 .debug_macro   0x0000000000000000       0x3c STM32_F103C6_Drivers/EXTI/STM32F103x8_EXTI_Driver.o
 .debug_macro   0x0000000000000000       0x34 STM32_F103C6_Drivers/EXTI/STM32F103x8_EXTI_Driver.o
 .debug_macro   0x0000000000000000       0x16 STM32_F103C6_Drivers/EXTI/STM32F103x8_EXTI_Driver.o
 .debug_macro   0x0000000000000000       0x57 STM32_F103C6_Drivers/EXTI/STM32F103x8_EXTI_Driver.o
 .debug_macro   0x0000000000000000       0x52 STM32_F103C6_Drivers/EXTI/STM32F103x8_EXTI_Driver.o
 .debug_macro   0x0000000000000000       0x1f STM32_F103C6_Drivers/EXTI/STM32F103x8_EXTI_Driver.o
 .debug_macro   0x0000000000000000       0x43 STM32_F103C6_Drivers/EXTI/STM32F103x8_EXTI_Driver.o
 .debug_macro   0x0000000000000000       0x20 STM32_F103C6_Drivers/EXTI/STM32F103x8_EXTI_Driver.o
 .debug_macro   0x0000000000000000      0x1a3 STM32_F103C6_Drivers/EXTI/STM32F103x8_EXTI_Driver.o
 .debug_macro   0x0000000000000000      0x330 STM32_F103C6_Drivers/EXTI/STM32F103x8_EXTI_Driver.o
 .debug_macro   0x0000000000000000       0x16 STM32_F103C6_Drivers/EXTI/STM32F103x8_EXTI_Driver.o
 .debug_macro   0x0000000000000000       0x29 STM32_F103C6_Drivers/EXTI/STM32F103x8_EXTI_Driver.o
 .debug_macro   0x0000000000000000       0xef STM32_F103C6_Drivers/EXTI/STM32F103x8_EXTI_Driver.o
 .debug_macro   0x0000000000000000       0x6a STM32_F103C6_Drivers/EXTI/STM32F103x8_EXTI_Driver.o
 .debug_macro   0x0000000000000000      0x1df STM32_F103C6_Drivers/EXTI/STM32F103x8_EXTI_Driver.o
 .group         0x0000000000000000        0xc STM32_F103C6_Drivers/GPIO/STM32F103x8_GPIO_Driver.o
 .group         0x0000000000000000        0xc STM32_F103C6_Drivers/GPIO/STM32F103x8_GPIO_Driver.o
 .group         0x0000000000000000        0xc STM32_F103C6_Drivers/GPIO/STM32F103x8_GPIO_Driver.o
 .group         0x0000000000000000        0xc STM32_F103C6_Drivers/GPIO/STM32F103x8_GPIO_Driver.o
 .group         0x0000000000000000        0xc STM32_F103C6_Drivers/GPIO/STM32F103x8_GPIO_Driver.o
 .group         0x0000000000000000        0xc STM32_F103C6_Drivers/GPIO/STM32F103x8_GPIO_Driver.o
 .group         0x0000000000000000        0xc STM32_F103C6_Drivers/GPIO/STM32F103x8_GPIO_Driver.o
 .group         0x0000000000000000        0xc STM32_F103C6_Drivers/GPIO/STM32F103x8_GPIO_Driver.o
 .group         0x0000000000000000        0xc STM32_F103C6_Drivers/GPIO/STM32F103x8_GPIO_Driver.o
 .group         0x0000000000000000        0xc STM32_F103C6_Drivers/GPIO/STM32F103x8_GPIO_Driver.o
 .group         0x0000000000000000        0xc STM32_F103C6_Drivers/GPIO/STM32F103x8_GPIO_Driver.o
 .group         0x0000000000000000        0xc STM32_F103C6_Drivers/GPIO/STM32F103x8_GPIO_Driver.o
 .group         0x0000000000000000        0xc STM32_F103C6_Drivers/GPIO/STM32F103x8_GPIO_Driver.o
 .group         0x0000000000000000        0xc STM32_F103C6_Drivers/GPIO/STM32F103x8_GPIO_Driver.o
 .group         0x0000000000000000        0xc STM32_F103C6_Drivers/GPIO/STM32F103x8_GPIO_Driver.o
 .group         0x0000000000000000        0xc STM32_F103C6_Drivers/GPIO/STM32F103x8_GPIO_Driver.o
 .group         0x0000000000000000        0xc STM32_F103C6_Drivers/GPIO/STM32F103x8_GPIO_Driver.o
 .group         0x0000000000000000        0xc STM32_F103C6_Drivers/GPIO/STM32F103x8_GPIO_Driver.o
 .group         0x0000000000000000        0xc STM32_F103C6_Drivers/GPIO/STM32F103x8_GPIO_Driver.o
 .group         0x0000000000000000        0xc STM32_F103C6_Drivers/GPIO/STM32F103x8_GPIO_Driver.o
 .group         0x0000000000000000        0xc STM32_F103C6_Drivers/GPIO/STM32F103x8_GPIO_Driver.o
 .group         0x0000000000000000        0xc STM32_F103C6_Drivers/GPIO/STM32F103x8_GPIO_Driver.o
 .group         0x0000000000000000        0xc STM32_F103C6_Drivers/GPIO/STM32F103x8_GPIO_Driver.o
 .group         0x0000000000000000        0xc STM32_F103C6_Drivers/GPIO/STM32F103x8_GPIO_Driver.o
 .text          0x0000000000000000        0x0 STM32_F103C6_Drivers/GPIO/STM32F103x8_GPIO_Driver.o
 .data          0x0000000000000000        0x0 STM32_F103C6_Drivers/GPIO/STM32F103x8_GPIO_Driver.o
 .bss           0x0000000000000000        0x0 STM32_F103C6_Drivers/GPIO/STM32F103x8_GPIO_Driver.o
 .text.Get_PIN_Position
                0x0000000000000000       0xa6 STM32_F103C6_Drivers/GPIO/STM32F103x8_GPIO_Driver.o
 .text.MCAL_GPIO_Init
                0x0000000000000000      0x10e STM32_F103C6_Drivers/GPIO/STM32F103x8_GPIO_Driver.o
 .text.MCAL_GPIO_DeInit
                0x0000000000000000       0xd4 STM32_F103C6_Drivers/GPIO/STM32F103x8_GPIO_Driver.o
 .text.MCAL_GPIO_ReadPin
                0x0000000000000000       0x28 STM32_F103C6_Drivers/GPIO/STM32F103x8_GPIO_Driver.o
 .text.MCAL_GPIO_ReadPort
                0x0000000000000000       0x18 STM32_F103C6_Drivers/GPIO/STM32F103x8_GPIO_Driver.o
 .text.MCAL_GPIO_WritePin
                0x0000000000000000       0x34 STM32_F103C6_Drivers/GPIO/STM32F103x8_GPIO_Driver.o
 .text.MCAL_GPIO_WritePort
                0x0000000000000000       0x1c STM32_F103C6_Drivers/GPIO/STM32F103x8_GPIO_Driver.o
 .text.MCAL_GPIO_TogglePin
                0x0000000000000000       0x22 STM32_F103C6_Drivers/GPIO/STM32F103x8_GPIO_Driver.o
 .text.MCAL_GPIO_LockPin
                0x0000000000000000       0x4e STM32_F103C6_Drivers/GPIO/STM32F103x8_GPIO_Driver.o
 .debug_info    0x0000000000000000      0xd42 STM32_F103C6_Drivers/GPIO/STM32F103x8_GPIO_Driver.o
 .debug_abbrev  0x0000000000000000      0x232 STM32_F103C6_Drivers/GPIO/STM32F103x8_GPIO_Driver.o
 .debug_loc     0x0000000000000000      0x330 STM32_F103C6_Drivers/GPIO/STM32F103x8_GPIO_Driver.o
 .debug_aranges
                0x0000000000000000       0x60 STM32_F103C6_Drivers/GPIO/STM32F103x8_GPIO_Driver.o
 .debug_ranges  0x0000000000000000       0x50 STM32_F103C6_Drivers/GPIO/STM32F103x8_GPIO_Driver.o
 .debug_macro   0x0000000000000000      0x13f STM32_F103C6_Drivers/GPIO/STM32F103x8_GPIO_Driver.o
 .debug_macro   0x0000000000000000      0xa60 STM32_F103C6_Drivers/GPIO/STM32F103x8_GPIO_Driver.o
 .debug_macro   0x0000000000000000       0x18 STM32_F103C6_Drivers/GPIO/STM32F103x8_GPIO_Driver.o
 .debug_macro   0x0000000000000000       0x22 STM32_F103C6_Drivers/GPIO/STM32F103x8_GPIO_Driver.o
 .debug_macro   0x0000000000000000       0x40 STM32_F103C6_Drivers/GPIO/STM32F103x8_GPIO_Driver.o
 .debug_macro   0x0000000000000000       0x94 STM32_F103C6_Drivers/GPIO/STM32F103x8_GPIO_Driver.o
 .debug_macro   0x0000000000000000       0x3c STM32_F103C6_Drivers/GPIO/STM32F103x8_GPIO_Driver.o
 .debug_macro   0x0000000000000000       0x34 STM32_F103C6_Drivers/GPIO/STM32F103x8_GPIO_Driver.o
 .debug_macro   0x0000000000000000       0x16 STM32_F103C6_Drivers/GPIO/STM32F103x8_GPIO_Driver.o
 .debug_macro   0x0000000000000000      0x10e STM32_F103C6_Drivers/GPIO/STM32F103x8_GPIO_Driver.o
 .debug_macro   0x0000000000000000       0x8d STM32_F103C6_Drivers/GPIO/STM32F103x8_GPIO_Driver.o
 .debug_macro   0x0000000000000000       0x57 STM32_F103C6_Drivers/GPIO/STM32F103x8_GPIO_Driver.o
 .debug_macro   0x0000000000000000       0x52 STM32_F103C6_Drivers/GPIO/STM32F103x8_GPIO_Driver.o
 .debug_macro   0x0000000000000000       0x1f STM32_F103C6_Drivers/GPIO/STM32F103x8_GPIO_Driver.o
 .debug_macro   0x0000000000000000       0x43 STM32_F103C6_Drivers/GPIO/STM32F103x8_GPIO_Driver.o
 .debug_macro   0x0000000000000000       0x20 STM32_F103C6_Drivers/GPIO/STM32F103x8_GPIO_Driver.o
 .debug_macro   0x0000000000000000      0x1a3 STM32_F103C6_Drivers/GPIO/STM32F103x8_GPIO_Driver.o
 .debug_macro   0x0000000000000000      0x330 STM32_F103C6_Drivers/GPIO/STM32F103x8_GPIO_Driver.o
 .debug_macro   0x0000000000000000       0x16 STM32_F103C6_Drivers/GPIO/STM32F103x8_GPIO_Driver.o
 .debug_macro   0x0000000000000000       0x29 STM32_F103C6_Drivers/GPIO/STM32F103x8_GPIO_Driver.o
 .debug_macro   0x0000000000000000       0xef STM32_F103C6_Drivers/GPIO/STM32F103x8_GPIO_Driver.o
 .debug_macro   0x0000000000000000       0x6a STM32_F103C6_Drivers/GPIO/STM32F103x8_GPIO_Driver.o
 .debug_macro   0x0000000000000000      0x1df STM32_F103C6_Drivers/GPIO/STM32F103x8_GPIO_Driver.o
 .debug_macro   0x0000000000000000      0x720 STM32_F103C6_Drivers/GPIO/STM32F103x8_GPIO_Driver.o
 .debug_macro   0x0000000000000000       0xd6 STM32_F103C6_Drivers/GPIO/STM32F103x8_GPIO_Driver.o
 .debug_line    0x0000000000000000      0x685 STM32_F103C6_Drivers/GPIO/STM32F103x8_GPIO_Driver.o
 .debug_str     0x0000000000000000     0x99e2 STM32_F103C6_Drivers/GPIO/STM32F103x8_GPIO_Driver.o
 .comment       0x0000000000000000       0x7c STM32_F103C6_Drivers/GPIO/STM32F103x8_GPIO_Driver.o
 .debug_frame   0x0000000000000000      0x178 STM32_F103C6_Drivers/GPIO/STM32F103x8_GPIO_Driver.o
 .ARM.attributes
                0x0000000000000000       0x33 STM32_F103C6_Drivers/GPIO/STM32F103x8_GPIO_Driver.o
 .group         0x0000000000000000        0xc STM32_F103C6_Drivers/RCC/STM32F103x8_RCC_Driver.o
 .group         0x0000000000000000        0xc STM32_F103C6_Drivers/RCC/STM32F103x8_RCC_Driver.o
 .group         0x0000000000000000        0xc STM32_F103C6_Drivers/RCC/STM32F103x8_RCC_Driver.o
 .group         0x0000000000000000        0xc STM32_F103C6_Drivers/RCC/STM32F103x8_RCC_Driver.o
 .group         0x0000000000000000        0xc STM32_F103C6_Drivers/RCC/STM32F103x8_RCC_Driver.o
 .group         0x0000000000000000        0xc STM32_F103C6_Drivers/RCC/STM32F103x8_RCC_Driver.o
 .group         0x0000000000000000        0xc STM32_F103C6_Drivers/RCC/STM32F103x8_RCC_Driver.o
 .group         0x0000000000000000        0xc STM32_F103C6_Drivers/RCC/STM32F103x8_RCC_Driver.o
 .group         0x0000000000000000        0xc STM32_F103C6_Drivers/RCC/STM32F103x8_RCC_Driver.o
 .group         0x0000000000000000        0xc STM32_F103C6_Drivers/RCC/STM32F103x8_RCC_Driver.o
 .group         0x0000000000000000        0xc STM32_F103C6_Drivers/RCC/STM32F103x8_RCC_Driver.o
 .group         0x0000000000000000        0xc STM32_F103C6_Drivers/RCC/STM32F103x8_RCC_Driver.o
 .group         0x0000000000000000        0xc STM32_F103C6_Drivers/RCC/STM32F103x8_RCC_Driver.o
 .group         0x0000000000000000        0xc STM32_F103C6_Drivers/RCC/STM32F103x8_RCC_Driver.o
 .group         0x0000000000000000        0xc STM32_F103C6_Drivers/RCC/STM32F103x8_RCC_Driver.o
 .group         0x0000000000000000        0xc STM32_F103C6_Drivers/RCC/STM32F103x8_RCC_Driver.o
 .group         0x0000000000000000        0xc STM32_F103C6_Drivers/RCC/STM32F103x8_RCC_Driver.o
 .group         0x0000000000000000        0xc STM32_F103C6_Drivers/RCC/STM32F103x8_RCC_Driver.o
 .group         0x0000000000000000        0xc STM32_F103C6_Drivers/RCC/STM32F103x8_RCC_Driver.o
 .group         0x0000000000000000        0xc STM32_F103C6_Drivers/RCC/STM32F103x8_RCC_Driver.o
 .group         0x0000000000000000        0xc STM32_F103C6_Drivers/RCC/STM32F103x8_RCC_Driver.o
 .group         0x0000000000000000        0xc STM32_F103C6_Drivers/RCC/STM32F103x8_RCC_Driver.o
 .group         0x0000000000000000        0xc STM32_F103C6_Drivers/RCC/STM32F103x8_RCC_Driver.o
 .group         0x0000000000000000        0xc STM32_F103C6_Drivers/RCC/STM32F103x8_RCC_Driver.o
 .text          0x0000000000000000        0x0 STM32_F103C6_Drivers/RCC/STM32F103x8_RCC_Driver.o
 .data          0x0000000000000000        0x0 STM32_F103C6_Drivers/RCC/STM32F103x8_RCC_Driver.o
 .bss           0x0000000000000000        0x0 STM32_F103C6_Drivers/RCC/STM32F103x8_RCC_Driver.o
 .rodata.APBprescaler_Table
                0x0000000000000000        0x8 STM32_F103C6_Drivers/RCC/STM32F103x8_RCC_Driver.o
 .rodata.AHBprescaler_Table
                0x0000000000000000       0x10 STM32_F103C6_Drivers/RCC/STM32F103x8_RCC_Driver.o
 .text.MCAL_RCC_GetSYSCLKFreq
                0x0000000000000000       0x3c STM32_F103C6_Drivers/RCC/STM32F103x8_RCC_Driver.o
 .text.MCAL_RCC_GetHCLKFreq
                0x0000000000000000       0x28 STM32_F103C6_Drivers/RCC/STM32F103x8_RCC_Driver.o
 .text.MCAL_RCC_GetPCLK1Freq
                0x0000000000000000       0x28 STM32_F103C6_Drivers/RCC/STM32F103x8_RCC_Driver.o
 .text.MCAL_RCC_GetPCLK2Freq
                0x0000000000000000       0x28 STM32_F103C6_Drivers/RCC/STM32F103x8_RCC_Driver.o
 .debug_info    0x0000000000000000      0xb09 STM32_F103C6_Drivers/RCC/STM32F103x8_RCC_Driver.o
 .debug_abbrev  0x0000000000000000      0x19b STM32_F103C6_Drivers/RCC/STM32F103x8_RCC_Driver.o
 .debug_loc     0x0000000000000000       0xc8 STM32_F103C6_Drivers/RCC/STM32F103x8_RCC_Driver.o
 .debug_aranges
                0x0000000000000000       0x38 STM32_F103C6_Drivers/RCC/STM32F103x8_RCC_Driver.o
 .debug_ranges  0x0000000000000000       0x28 STM32_F103C6_Drivers/RCC/STM32F103x8_RCC_Driver.o
 .debug_macro   0x0000000000000000      0x13f STM32_F103C6_Drivers/RCC/STM32F103x8_RCC_Driver.o
 .debug_macro   0x0000000000000000      0xa60 STM32_F103C6_Drivers/RCC/STM32F103x8_RCC_Driver.o
 .debug_macro   0x0000000000000000       0x18 STM32_F103C6_Drivers/RCC/STM32F103x8_RCC_Driver.o
 .debug_macro   0x0000000000000000       0x22 STM32_F103C6_Drivers/RCC/STM32F103x8_RCC_Driver.o
 .debug_macro   0x0000000000000000       0x40 STM32_F103C6_Drivers/RCC/STM32F103x8_RCC_Driver.o
 .debug_macro   0x0000000000000000       0x94 STM32_F103C6_Drivers/RCC/STM32F103x8_RCC_Driver.o
 .debug_macro   0x0000000000000000       0x3c STM32_F103C6_Drivers/RCC/STM32F103x8_RCC_Driver.o
 .debug_macro   0x0000000000000000       0x34 STM32_F103C6_Drivers/RCC/STM32F103x8_RCC_Driver.o
 .debug_macro   0x0000000000000000       0x16 STM32_F103C6_Drivers/RCC/STM32F103x8_RCC_Driver.o
 .debug_macro   0x0000000000000000      0x10e STM32_F103C6_Drivers/RCC/STM32F103x8_RCC_Driver.o
 .debug_macro   0x0000000000000000       0x8d STM32_F103C6_Drivers/RCC/STM32F103x8_RCC_Driver.o
 .debug_macro   0x0000000000000000       0x57 STM32_F103C6_Drivers/RCC/STM32F103x8_RCC_Driver.o
 .debug_macro   0x0000000000000000       0x52 STM32_F103C6_Drivers/RCC/STM32F103x8_RCC_Driver.o
 .debug_macro   0x0000000000000000       0x1f STM32_F103C6_Drivers/RCC/STM32F103x8_RCC_Driver.o
 .debug_macro   0x0000000000000000       0x43 STM32_F103C6_Drivers/RCC/STM32F103x8_RCC_Driver.o
 .debug_macro   0x0000000000000000       0x20 STM32_F103C6_Drivers/RCC/STM32F103x8_RCC_Driver.o
 .debug_macro   0x0000000000000000      0x1a3 STM32_F103C6_Drivers/RCC/STM32F103x8_RCC_Driver.o
 .debug_macro   0x0000000000000000      0x330 STM32_F103C6_Drivers/RCC/STM32F103x8_RCC_Driver.o
 .debug_macro   0x0000000000000000       0x16 STM32_F103C6_Drivers/RCC/STM32F103x8_RCC_Driver.o
 .debug_macro   0x0000000000000000       0x29 STM32_F103C6_Drivers/RCC/STM32F103x8_RCC_Driver.o
 .debug_macro   0x0000000000000000       0xef STM32_F103C6_Drivers/RCC/STM32F103x8_RCC_Driver.o
 .debug_macro   0x0000000000000000       0x6a STM32_F103C6_Drivers/RCC/STM32F103x8_RCC_Driver.o
 .debug_macro   0x0000000000000000      0x1df STM32_F103C6_Drivers/RCC/STM32F103x8_RCC_Driver.o
 .debug_macro   0x0000000000000000      0x720 STM32_F103C6_Drivers/RCC/STM32F103x8_RCC_Driver.o
 .debug_macro   0x0000000000000000       0x10 STM32_F103C6_Drivers/RCC/STM32F103x8_RCC_Driver.o
 .debug_line    0x0000000000000000      0x5b2 STM32_F103C6_Drivers/RCC/STM32F103x8_RCC_Driver.o
 .debug_str     0x0000000000000000     0x9547 STM32_F103C6_Drivers/RCC/STM32F103x8_RCC_Driver.o
 .comment       0x0000000000000000       0x7c STM32_F103C6_Drivers/RCC/STM32F103x8_RCC_Driver.o
 .debug_frame   0x0000000000000000       0x84 STM32_F103C6_Drivers/RCC/STM32F103x8_RCC_Driver.o
 .ARM.attributes
                0x0000000000000000       0x33 STM32_F103C6_Drivers/RCC/STM32F103x8_RCC_Driver.o
 .group         0x0000000000000000        0xc Src/main.o
 .group         0x0000000000000000        0xc Src/main.o
 .group         0x0000000000000000        0xc Src/main.o
 .group         0x0000000000000000        0xc Src/main.o
 .group         0x0000000000000000        0xc Src/main.o
 .group         0x0000000000000000        0xc Src/main.o
 .group         0x0000000000000000        0xc Src/main.o
 .group         0x0000000000000000        0xc Src/main.o
 .group         0x0000000000000000        0xc Src/main.o
 .group         0x0000000000000000        0xc Src/main.o
 .group         0x0000000000000000        0xc Src/main.o
 .group         0x0000000000000000        0xc Src/main.o
 .group         0x0000000000000000        0xc Src/main.o
 .group         0x0000000000000000        0xc Src/main.o
 .group         0x0000000000000000        0xc Src/main.o
 .group         0x0000000000000000        0xc Src/main.o
 .group         0x0000000000000000        0xc Src/main.o
 .group         0x0000000000000000        0xc Src/main.o
 .group         0x0000000000000000        0xc Src/main.o
 .group         0x0000000000000000        0xc Src/main.o
 .group         0x0000000000000000        0xc Src/main.o
 .group         0x0000000000000000        0xc Src/main.o
 .group         0x0000000000000000        0xc Src/main.o
 .group         0x0000000000000000        0xc Src/main.o
 .group         0x0000000000000000        0xc Src/main.o
 .group         0x0000000000000000        0xc Src/main.o
 .group         0x0000000000000000        0xc Src/main.o
 .group         0x0000000000000000        0xc Src/main.o
 .group         0x0000000000000000        0xc Src/main.o
 .group         0x0000000000000000        0xc Src/main.o
 .group         0x0000000000000000        0xc Src/main.o
 .group         0x0000000000000000        0xc Src/main.o
 .text          0x0000000000000000        0x0 Src/main.o
 .data          0x0000000000000000        0x0 Src/main.o
 .bss           0x0000000000000000        0x0 Src/main.o
 .debug_macro   0x0000000000000000      0xa60 Src/main.o
 .debug_macro   0x0000000000000000       0x18 Src/main.o
 .debug_macro   0x0000000000000000       0x22 Src/main.o
 .debug_macro   0x0000000000000000       0x40 Src/main.o
 .debug_macro   0x0000000000000000       0x94 Src/main.o
 .debug_macro   0x0000000000000000       0x3c Src/main.o
 .debug_macro   0x0000000000000000       0x34 Src/main.o
 .debug_macro   0x0000000000000000       0x16 Src/main.o
 .debug_macro   0x0000000000000000      0x10e Src/main.o
 .debug_macro   0x0000000000000000       0x8d Src/main.o
 .debug_macro   0x0000000000000000       0x57 Src/main.o
 .debug_macro   0x0000000000000000       0x52 Src/main.o
 .debug_macro   0x0000000000000000       0x1f Src/main.o
 .debug_macro   0x0000000000000000       0x43 Src/main.o
 .debug_macro   0x0000000000000000       0x20 Src/main.o
 .debug_macro   0x0000000000000000      0x1a3 Src/main.o
 .debug_macro   0x0000000000000000      0x330 Src/main.o
 .debug_macro   0x0000000000000000       0x16 Src/main.o
 .debug_macro   0x0000000000000000       0x29 Src/main.o
 .debug_macro   0x0000000000000000       0xef Src/main.o
 .debug_macro   0x0000000000000000       0x6a Src/main.o
 .debug_macro   0x0000000000000000      0x1df Src/main.o
 .debug_macro   0x0000000000000000      0x720 Src/main.o
 .debug_macro   0x0000000000000000       0xd6 Src/main.o
 .debug_macro   0x0000000000000000      0x227 Src/main.o
 .debug_macro   0x0000000000000000       0x28 Src/main.o
 .debug_macro   0x0000000000000000       0x1c Src/main.o
 .debug_macro   0x0000000000000000       0x22 Src/main.o
 .debug_macro   0x0000000000000000       0xdf Src/main.o
 .debug_macro   0x0000000000000000      0xe2e Src/main.o
 .debug_macro   0x0000000000000000      0x11f Src/main.o
 .group         0x0000000000000000        0xc Src/syscalls.o
 .group         0x0000000000000000        0xc Src/syscalls.o
 .group         0x0000000000000000        0xc Src/syscalls.o
 .group         0x0000000000000000        0xc Src/syscalls.o
 .group         0x0000000000000000        0xc Src/syscalls.o
 .group         0x0000000000000000        0xc Src/syscalls.o
 .group         0x0000000000000000        0xc Src/syscalls.o
 .group         0x0000000000000000        0xc Src/syscalls.o
 .group         0x0000000000000000        0xc Src/syscalls.o
 .group         0x0000000000000000        0xc Src/syscalls.o
 .group         0x0000000000000000        0xc Src/syscalls.o
 .group         0x0000000000000000        0xc Src/syscalls.o
 .group         0x0000000000000000        0xc Src/syscalls.o
 .group         0x0000000000000000        0xc Src/syscalls.o
 .group         0x0000000000000000        0xc Src/syscalls.o
 .group         0x0000000000000000        0xc Src/syscalls.o
 .group         0x0000000000000000        0xc Src/syscalls.o
 .group         0x0000000000000000        0xc Src/syscalls.o
 .group         0x0000000000000000        0xc Src/syscalls.o
 .group         0x0000000000000000        0xc Src/syscalls.o
 .group         0x0000000000000000        0xc Src/syscalls.o
 .group         0x0000000000000000        0xc Src/syscalls.o
 .group         0x0000000000000000        0xc Src/syscalls.o
 .group         0x0000000000000000        0xc Src/syscalls.o
 .group         0x0000000000000000        0xc Src/syscalls.o
 .group         0x0000000000000000        0xc Src/syscalls.o
 .group         0x0000000000000000        0xc Src/syscalls.o
 .group         0x0000000000000000        0xc Src/syscalls.o
 .group         0x0000000000000000        0xc Src/syscalls.o
 .group         0x0000000000000000        0xc Src/syscalls.o
 .group         0x0000000000000000        0xc Src/syscalls.o
 .group         0x0000000000000000        0xc Src/syscalls.o
 .group         0x0000000000000000        0xc Src/syscalls.o
 .group         0x0000000000000000        0xc Src/syscalls.o
 .group         0x0000000000000000        0xc Src/syscalls.o
 .group         0x0000000000000000        0xc Src/syscalls.o
 .group         0x0000000000000000        0xc Src/syscalls.o
 .group         0x0000000000000000        0xc Src/syscalls.o
 .group         0x0000000000000000        0xc Src/syscalls.o
 .group         0x0000000000000000        0xc Src/syscalls.o
 .group         0x0000000000000000        0xc Src/syscalls.o
 .group         0x0000000000000000        0xc Src/syscalls.o
 .group         0x0000000000000000        0xc Src/syscalls.o
 .group         0x0000000000000000        0xc Src/syscalls.o
 .text          0x0000000000000000        0x0 Src/syscalls.o
 .data          0x0000000000000000        0x0 Src/syscalls.o
 .bss           0x0000000000000000        0x0 Src/syscalls.o
 .bss.__env     0x0000000000000000        0x4 Src/syscalls.o
 .data.environ  0x0000000000000000        0x4 Src/syscalls.o
 .text.initialise_monitor_handles
                0x0000000000000000        0xc Src/syscalls.o
 .text._getpid  0x0000000000000000        0xe Src/syscalls.o
 .text._kill    0x0000000000000000       0x20 Src/syscalls.o
 .text._exit    0x0000000000000000       0x14 Src/syscalls.o
 .text._read    0x0000000000000000       0x3a Src/syscalls.o
 .text._write   0x0000000000000000       0x38 Src/syscalls.o
 .text._close   0x0000000000000000       0x16 Src/syscalls.o
 .text._fstat   0x0000000000000000       0x1e Src/syscalls.o
 .text._isatty  0x0000000000000000       0x14 Src/syscalls.o
 .text._lseek   0x0000000000000000       0x18 Src/syscalls.o
 .text._open    0x0000000000000000       0x1a Src/syscalls.o
 .text._wait    0x0000000000000000       0x1e Src/syscalls.o
 .text._unlink  0x0000000000000000       0x1e Src/syscalls.o
 .text._times   0x0000000000000000       0x16 Src/syscalls.o
 .text._stat    0x0000000000000000       0x1e Src/syscalls.o
 .text._link    0x0000000000000000       0x20 Src/syscalls.o
 .text._fork    0x0000000000000000       0x16 Src/syscalls.o
 .text._execve  0x0000000000000000       0x22 Src/syscalls.o
 .debug_info    0x0000000000000000     0x1038 Src/syscalls.o
 .debug_abbrev  0x0000000000000000      0x254 Src/syscalls.o
 .debug_loc     0x0000000000000000      0x5b8 Src/syscalls.o
 .debug_aranges
                0x0000000000000000       0xa8 Src/syscalls.o
 .debug_ranges  0x0000000000000000       0x98 Src/syscalls.o
 .debug_macro   0x0000000000000000      0x243 Src/syscalls.o
 .debug_macro   0x0000000000000000      0xa60 Src/syscalls.o
 .debug_macro   0x0000000000000000       0x22 Src/syscalls.o
 .debug_macro   0x0000000000000000       0x40 Src/syscalls.o
 .debug_macro   0x0000000000000000       0x18 Src/syscalls.o
 .debug_macro   0x0000000000000000       0x94 Src/syscalls.o
 .debug_macro   0x0000000000000000       0x3c Src/syscalls.o
 .debug_macro   0x0000000000000000       0x34 Src/syscalls.o
 .debug_macro   0x0000000000000000       0x57 Src/syscalls.o
 .debug_macro   0x0000000000000000      0x174 Src/syscalls.o
 .debug_macro   0x0000000000000000      0x330 Src/syscalls.o
 .debug_macro   0x0000000000000000       0x52 Src/syscalls.o
 .debug_macro   0x0000000000000000       0x1f Src/syscalls.o
 .debug_macro   0x0000000000000000       0x43 Src/syscalls.o
 .debug_macro   0x0000000000000000       0x20 Src/syscalls.o
 .debug_macro   0x0000000000000000      0x1a3 Src/syscalls.o
 .debug_macro   0x0000000000000000       0x10 Src/syscalls.o
 .debug_macro   0x0000000000000000       0x35 Src/syscalls.o
 .debug_macro   0x0000000000000000       0x10 Src/syscalls.o
 .debug_macro   0x0000000000000000       0x10 Src/syscalls.o
 .debug_macro   0x0000000000000000       0x10 Src/syscalls.o
 .debug_macro   0x0000000000000000       0x6a Src/syscalls.o
 .debug_macro   0x0000000000000000       0x1c Src/syscalls.o
 .debug_macro   0x0000000000000000       0x52 Src/syscalls.o
 .debug_macro   0x0000000000000000       0x40 Src/syscalls.o
 .debug_macro   0x0000000000000000       0x10 Src/syscalls.o
 .debug_macro   0x0000000000000000       0x40 Src/syscalls.o
 .debug_macro   0x0000000000000000       0xd7 Src/syscalls.o
 .debug_macro   0x0000000000000000       0x1c Src/syscalls.o
 .debug_macro   0x0000000000000000       0x3d Src/syscalls.o
 .debug_macro   0x0000000000000000       0x35 Src/syscalls.o
 .debug_macro   0x0000000000000000      0x122 Src/syscalls.o
 .debug_macro   0x0000000000000000       0x16 Src/syscalls.o
 .debug_macro   0x0000000000000000       0x16 Src/syscalls.o
 .debug_macro   0x0000000000000000       0x29 Src/syscalls.o
 .debug_macro   0x0000000000000000       0x10 Src/syscalls.o
 .debug_macro   0x0000000000000000      0x241 Src/syscalls.o
 .debug_macro   0x0000000000000000       0x1c Src/syscalls.o
 .debug_macro   0x0000000000000000       0x10 Src/syscalls.o
 .debug_macro   0x0000000000000000       0x10 Src/syscalls.o
 .debug_macro   0x0000000000000000       0x16 Src/syscalls.o
 .debug_macro   0x0000000000000000      0x145 Src/syscalls.o
 .debug_macro   0x0000000000000000      0x189 Src/syscalls.o
 .debug_macro   0x0000000000000000       0x16 Src/syscalls.o
 .debug_macro   0x0000000000000000       0x88 Src/syscalls.o
 .debug_line    0x0000000000000000      0x739 Src/syscalls.o
 .debug_str     0x0000000000000000     0x887c Src/syscalls.o
 .comment       0x0000000000000000       0x7c Src/syscalls.o
 .debug_frame   0x0000000000000000      0x2ac Src/syscalls.o
 .ARM.attributes
                0x0000000000000000       0x33 Src/syscalls.o
 .group         0x0000000000000000        0xc Src/sysmem.o
 .group         0x0000000000000000        0xc Src/sysmem.o
 .group         0x0000000000000000        0xc Src/sysmem.o
 .group         0x0000000000000000        0xc Src/sysmem.o
 .group         0x0000000000000000        0xc Src/sysmem.o
 .group         0x0000000000000000        0xc Src/sysmem.o
 .group         0x0000000000000000        0xc Src/sysmem.o
 .group         0x0000000000000000        0xc Src/sysmem.o
 .group         0x0000000000000000        0xc Src/sysmem.o
 .group         0x0000000000000000        0xc Src/sysmem.o
 .group         0x0000000000000000        0xc Src/sysmem.o
 .group         0x0000000000000000        0xc Src/sysmem.o
 .group         0x0000000000000000        0xc Src/sysmem.o
 .group         0x0000000000000000        0xc Src/sysmem.o
 .group         0x0000000000000000        0xc Src/sysmem.o
 .group         0x0000000000000000        0xc Src/sysmem.o
 .group         0x0000000000000000        0xc Src/sysmem.o
 .group         0x0000000000000000        0xc Src/sysmem.o
 .group         0x0000000000000000        0xc Src/sysmem.o
 .text          0x0000000000000000        0x0 Src/sysmem.o
 .data          0x0000000000000000        0x0 Src/sysmem.o
 .bss           0x0000000000000000        0x0 Src/sysmem.o
 .bss.__sbrk_heap_end
                0x0000000000000000        0x4 Src/sysmem.o
 .text._sbrk    0x0000000000000000       0x6c Src/sysmem.o
 .debug_info    0x0000000000000000      0xa7c Src/sysmem.o
 .debug_abbrev  0x0000000000000000      0x18e Src/sysmem.o
 .debug_loc     0x0000000000000000       0x50 Src/sysmem.o
 .debug_aranges
                0x0000000000000000       0x20 Src/sysmem.o
 .debug_ranges  0x0000000000000000       0x10 Src/sysmem.o
 .debug_macro   0x0000000000000000       0xee Src/sysmem.o
 .debug_macro   0x0000000000000000      0xa60 Src/sysmem.o
 .debug_macro   0x0000000000000000       0x10 Src/sysmem.o
 .debug_macro   0x0000000000000000       0x22 Src/sysmem.o
 .debug_macro   0x0000000000000000       0x40 Src/sysmem.o
 .debug_macro   0x0000000000000000       0x18 Src/sysmem.o
 .debug_macro   0x0000000000000000       0x94 Src/sysmem.o
 .debug_macro   0x0000000000000000       0x3c Src/sysmem.o
 .debug_macro   0x0000000000000000       0x34 Src/sysmem.o
 .debug_macro   0x0000000000000000      0x174 Src/sysmem.o
 .debug_macro   0x0000000000000000       0x57 Src/sysmem.o
 .debug_macro   0x0000000000000000       0x52 Src/sysmem.o
 .debug_macro   0x0000000000000000       0x1f Src/sysmem.o
 .debug_macro   0x0000000000000000       0x43 Src/sysmem.o
 .debug_macro   0x0000000000000000       0x20 Src/sysmem.o
 .debug_macro   0x0000000000000000      0x1a3 Src/sysmem.o
 .debug_macro   0x0000000000000000      0x23b Src/sysmem.o
 .debug_macro   0x0000000000000000       0xef Src/sysmem.o
 .debug_macro   0x0000000000000000       0x6a Src/sysmem.o
 .debug_macro   0x0000000000000000      0x1df Src/sysmem.o
 .debug_line    0x0000000000000000      0x4c2 Src/sysmem.o
 .debug_str     0x0000000000000000     0x5f4a Src/sysmem.o
 .comment       0x0000000000000000       0x7c Src/sysmem.o
 .debug_frame   0x0000000000000000       0x34 Src/sysmem.o
 .ARM.attributes
                0x0000000000000000       0x33 Src/sysmem.o
 .text          0x0000000000000000       0x14 Startup/startup_stm32f103c8tx.o
 .data          0x0000000000000000        0x0 Startup/startup_stm32f103c8tx.o
 .bss           0x0000000000000000        0x0 Startup/startup_stm32f103c8tx.o
 .text          0x0000000000000000        0x0 c:/st/stm32cubeide_1.4.0/stm32cubeide/plugins/com.st.stm32cube.ide.mcu.externaltools.gnu-tools-for-stm32.7-2018-q2-update.win32_1.4.0.202007081208/tools/bin/../lib/gcc/arm-none-eabi/7.3.1/../../../../arm-none-eabi/lib/thumb/v7-m\libc_nano.a(lib_a-errno.o)
 .data          0x0000000000000000        0x0 c:/st/stm32cubeide_1.4.0/stm32cubeide/plugins/com.st.stm32cube.ide.mcu.externaltools.gnu-tools-for-stm32.7-2018-q2-update.win32_1.4.0.202007081208/tools/bin/../lib/gcc/arm-none-eabi/7.3.1/../../../../arm-none-eabi/lib/thumb/v7-m\libc_nano.a(lib_a-errno.o)
 .bss           0x0000000000000000        0x0 c:/st/stm32cubeide_1.4.0/stm32cubeide/plugins/com.st.stm32cube.ide.mcu.externaltools.gnu-tools-for-stm32.7-2018-q2-update.win32_1.4.0.202007081208/tools/bin/../lib/gcc/arm-none-eabi/7.3.1/../../../../arm-none-eabi/lib/thumb/v7-m\libc_nano.a(lib_a-errno.o)
 .text.__errno  0x0000000000000000        0xc c:/st/stm32cubeide_1.4.0/stm32cubeide/plugins/com.st.stm32cube.ide.mcu.externaltools.gnu-tools-for-stm32.7-2018-q2-update.win32_1.4.0.202007081208/tools/bin/../lib/gcc/arm-none-eabi/7.3.1/../../../../arm-none-eabi/lib/thumb/v7-m\libc_nano.a(lib_a-errno.o)
 .debug_frame   0x0000000000000000       0x20 c:/st/stm32cubeide_1.4.0/stm32cubeide/plugins/com.st.stm32cube.ide.mcu.externaltools.gnu-tools-for-stm32.7-2018-q2-update.win32_1.4.0.202007081208/tools/bin/../lib/gcc/arm-none-eabi/7.3.1/../../../../arm-none-eabi/lib/thumb/v7-m\libc_nano.a(lib_a-errno.o)
 .ARM.attributes
                0x0000000000000000       0x2d c:/st/stm32cubeide_1.4.0/stm32cubeide/plugins/com.st.stm32cube.ide.mcu.externaltools.gnu-tools-for-stm32.7-2018-q2-update.win32_1.4.0.202007081208/tools/bin/../lib/gcc/arm-none-eabi/7.3.1/../../../../arm-none-eabi/lib/thumb/v7-m\libc_nano.a(lib_a-errno.o)
 .text          0x0000000000000000        0x0 c:/st/stm32cubeide_1.4.0/stm32cubeide/plugins/com.st.stm32cube.ide.mcu.externaltools.gnu-tools-for-stm32.7-2018-q2-update.win32_1.4.0.202007081208/tools/bin/../lib/gcc/arm-none-eabi/7.3.1/../../../../arm-none-eabi/lib/thumb/v7-m\libc_nano.a(lib_a-exit.o)
 .data          0x0000000000000000        0x0 c:/st/stm32cubeide_1.4.0/stm32cubeide/plugins/com.st.stm32cube.ide.mcu.externaltools.gnu-tools-for-stm32.7-2018-q2-update.win32_1.4.0.202007081208/tools/bin/../lib/gcc/arm-none-eabi/7.3.1/../../../../arm-none-eabi/lib/thumb/v7-m\libc_nano.a(lib_a-exit.o)
 .bss           0x0000000000000000        0x0 c:/st/stm32cubeide_1.4.0/stm32cubeide/plugins/com.st.stm32cube.ide.mcu.externaltools.gnu-tools-for-stm32.7-2018-q2-update.win32_1.4.0.202007081208/tools/bin/../lib/gcc/arm-none-eabi/7.3.1/../../../../arm-none-eabi/lib/thumb/v7-m\libc_nano.a(lib_a-exit.o)
 .text.exit     0x0000000000000000       0x28 c:/st/stm32cubeide_1.4.0/stm32cubeide/plugins/com.st.stm32cube.ide.mcu.externaltools.gnu-tools-for-stm32.7-2018-q2-update.win32_1.4.0.202007081208/tools/bin/../lib/gcc/arm-none-eabi/7.3.1/../../../../arm-none-eabi/lib/thumb/v7-m\libc_nano.a(lib_a-exit.o)
 .debug_frame   0x0000000000000000       0x28 c:/st/stm32cubeide_1.4.0/stm32cubeide/plugins/com.st.stm32cube.ide.mcu.externaltools.gnu-tools-for-stm32.7-2018-q2-update.win32_1.4.0.202007081208/tools/bin/../lib/gcc/arm-none-eabi/7.3.1/../../../../arm-none-eabi/lib/thumb/v7-m\libc_nano.a(lib_a-exit.o)
 .ARM.attributes
                0x0000000000000000       0x2d c:/st/stm32cubeide_1.4.0/stm32cubeide/plugins/com.st.stm32cube.ide.mcu.externaltools.gnu-tools-for-stm32.7-2018-q2-update.win32_1.4.0.202007081208/tools/bin/../lib/gcc/arm-none-eabi/7.3.1/../../../../arm-none-eabi/lib/thumb/v7-m\libc_nano.a(lib_a-exit.o)
 .text          0x0000000000000000        0x0 c:/st/stm32cubeide_1.4.0/stm32cubeide/plugins/com.st.stm32cube.ide.mcu.externaltools.gnu-tools-for-stm32.7-2018-q2-update.win32_1.4.0.202007081208/tools/bin/../lib/gcc/arm-none-eabi/7.3.1/../../../../arm-none-eabi/lib/thumb/v7-m\libc_nano.a(lib_a-impure.o)
 .data          0x0000000000000000        0x0 c:/st/stm32cubeide_1.4.0/stm32cubeide/plugins/com.st.stm32cube.ide.mcu.externaltools.gnu-tools-for-stm32.7-2018-q2-update.win32_1.4.0.202007081208/tools/bin/../lib/gcc/arm-none-eabi/7.3.1/../../../../arm-none-eabi/lib/thumb/v7-m\libc_nano.a(lib_a-impure.o)
 .bss           0x0000000000000000        0x0 c:/st/stm32cubeide_1.4.0/stm32cubeide/plugins/com.st.stm32cube.ide.mcu.externaltools.gnu-tools-for-stm32.7-2018-q2-update.win32_1.4.0.202007081208/tools/bin/../lib/gcc/arm-none-eabi/7.3.1/../../../../arm-none-eabi/lib/thumb/v7-m\libc_nano.a(lib_a-impure.o)
 .data._impure_ptr
                0x0000000000000000        0x4 c:/st/stm32cubeide_1.4.0/stm32cubeide/plugins/com.st.stm32cube.ide.mcu.externaltools.gnu-tools-for-stm32.7-2018-q2-update.win32_1.4.0.202007081208/tools/bin/../lib/gcc/arm-none-eabi/7.3.1/../../../../arm-none-eabi/lib/thumb/v7-m\libc_nano.a(lib_a-impure.o)
 .data.impure_data
                0x0000000000000000       0x60 c:/st/stm32cubeide_1.4.0/stm32cubeide/plugins/com.st.stm32cube.ide.mcu.externaltools.gnu-tools-for-stm32.7-2018-q2-update.win32_1.4.0.202007081208/tools/bin/../lib/gcc/arm-none-eabi/7.3.1/../../../../arm-none-eabi/lib/thumb/v7-m\libc_nano.a(lib_a-impure.o)
 .rodata._global_impure_ptr
                0x0000000000000000        0x4 c:/st/stm32cubeide_1.4.0/stm32cubeide/plugins/com.st.stm32cube.ide.mcu.externaltools.gnu-tools-for-stm32.7-2018-q2-update.win32_1.4.0.202007081208/tools/bin/../lib/gcc/arm-none-eabi/7.3.1/../../../../arm-none-eabi/lib/thumb/v7-m\libc_nano.a(lib_a-impure.o)
 .ARM.attributes
                0x0000000000000000       0x2d c:/st/stm32cubeide_1.4.0/stm32cubeide/plugins/com.st.stm32cube.ide.mcu.externaltools.gnu-tools-for-stm32.7-2018-q2-update.win32_1.4.0.202007081208/tools/bin/../lib/gcc/arm-none-eabi/7.3.1/../../../../arm-none-eabi/lib/thumb/v7-m\libc_nano.a(lib_a-impure.o)
 .text          0x0000000000000000        0x0 c:/st/stm32cubeide_1.4.0/stm32cubeide/plugins/com.st.stm32cube.ide.mcu.externaltools.gnu-tools-for-stm32.7-2018-q2-update.win32_1.4.0.202007081208/tools/bin/../lib/gcc/arm-none-eabi/7.3.1/../../../../arm-none-eabi/lib/thumb/v7-m\libc_nano.a(lib_a-init.o)
 .data          0x0000000000000000        0x0 c:/st/stm32cubeide_1.4.0/stm32cubeide/plugins/com.st.stm32cube.ide.mcu.externaltools.gnu-tools-for-stm32.7-2018-q2-update.win32_1.4.0.202007081208/tools/bin/../lib/gcc/arm-none-eabi/7.3.1/../../../../arm-none-eabi/lib/thumb/v7-m\libc_nano.a(lib_a-init.o)
 .bss           0x0000000000000000        0x0 c:/st/stm32cubeide_1.4.0/stm32cubeide/plugins/com.st.stm32cube.ide.mcu.externaltools.gnu-tools-for-stm32.7-2018-q2-update.win32_1.4.0.202007081208/tools/bin/../lib/gcc/arm-none-eabi/7.3.1/../../../../arm-none-eabi/lib/thumb/v7-m\libc_nano.a(lib_a-init.o)
 .text          0x0000000000000000        0x0 c:/st/stm32cubeide_1.4.0/stm32cubeide/plugins/com.st.stm32cube.ide.mcu.externaltools.gnu-tools-for-stm32.7-2018-q2-update.win32_1.4.0.202007081208/tools/bin/../lib/gcc/arm-none-eabi/7.3.1/../../../../arm-none-eabi/lib/thumb/v7-m\libc_nano.a(lib_a-memset.o)
 .data          0x0000000000000000        0x0 c:/st/stm32cubeide_1.4.0/stm32cubeide/plugins/com.st.stm32cube.ide.mcu.externaltools.gnu-tools-for-stm32.7-2018-q2-update.win32_1.4.0.202007081208/tools/bin/../lib/gcc/arm-none-eabi/7.3.1/../../../../arm-none-eabi/lib/thumb/v7-m\libc_nano.a(lib_a-memset.o)
 .bss           0x0000000000000000        0x0 c:/st/stm32cubeide_1.4.0/stm32cubeide/plugins/com.st.stm32cube.ide.mcu.externaltools.gnu-tools-for-stm32.7-2018-q2-update.win32_1.4.0.202007081208/tools/bin/../lib/gcc/arm-none-eabi/7.3.1/../../../../arm-none-eabi/lib/thumb/v7-m\libc_nano.a(lib_a-memset.o)
 .text.memset   0x0000000000000000       0x10 c:/st/stm32cubeide_1.4.0/stm32cubeide/plugins/com.st.stm32cube.ide.mcu.externaltools.gnu-tools-for-stm32.7-2018-q2-update.win32_1.4.0.202007081208/tools/bin/../lib/gcc/arm-none-eabi/7.3.1/../../../../arm-none-eabi/lib/thumb/v7-m\libc_nano.a(lib_a-memset.o)
 .debug_frame   0x0000000000000000       0x20 c:/st/stm32cubeide_1.4.0/stm32cubeide/plugins/com.st.stm32cube.ide.mcu.externaltools.gnu-tools-for-stm32.7-2018-q2-update.win32_1.4.0.202007081208/tools/bin/../lib/gcc/arm-none-eabi/7.3.1/../../../../arm-none-eabi/lib/thumb/v7-m\libc_nano.a(lib_a-memset.o)
 .ARM.attributes
                0x0000000000000000       0x2d c:/st/stm32cubeide_1.4.0/stm32cubeide/plugins/com.st.stm32cube.ide.mcu.externaltools.gnu-tools-for-stm32.7-2018-q2-update.win32_1.4.0.202007081208/tools/bin/../lib/gcc/arm-none-eabi/7.3.1/../../../../arm-none-eabi/lib/thumb/v7-m\libc_nano.a(lib_a-memset.o)
 .text          0x0000000000000000        0x0 c:/st/stm32cubeide_1.4.0/stm32cubeide/plugins/com.st.stm32cube.ide.mcu.externaltools.gnu-tools-for-stm32.7-2018-q2-update.win32_1.4.0.202007081208/tools/bin/../lib/gcc/arm-none-eabi/7.3.1/thumb/v7-m/crtend.o
 .data          0x0000000000000000        0x0 c:/st/stm32cubeide_1.4.0/stm32cubeide/plugins/com.st.stm32cube.ide.mcu.externaltools.gnu-tools-for-stm32.7-2018-q2-update.win32_1.4.0.202007081208/tools/bin/../lib/gcc/arm-none-eabi/7.3.1/thumb/v7-m/crtend.o
 .bss           0x0000000000000000        0x0 c:/st/stm32cubeide_1.4.0/stm32cubeide/plugins/com.st.stm32cube.ide.mcu.externaltools.gnu-tools-for-stm32.7-2018-q2-update.win32_1.4.0.202007081208/tools/bin/../lib/gcc/arm-none-eabi/7.3.1/thumb/v7-m/crtend.o
 .eh_frame      0x0000000000000000        0x4 c:/st/stm32cubeide_1.4.0/stm32cubeide/plugins/com.st.stm32cube.ide.mcu.externaltools.gnu-tools-for-stm32.7-2018-q2-update.win32_1.4.0.202007081208/tools/bin/../lib/gcc/arm-none-eabi/7.3.1/thumb/v7-m/crtend.o
 .ARM.attributes
                0x0000000000000000       0x2d c:/st/stm32cubeide_1.4.0/stm32cubeide/plugins/com.st.stm32cube.ide.mcu.externaltools.gnu-tools-for-stm32.7-2018-q2-update.win32_1.4.0.202007081208/tools/bin/../lib/gcc/arm-none-eabi/7.3.1/thumb/v7-m/crtend.o
 .text          0x0000000000000000        0x0 c:/st/stm32cubeide_1.4.0/stm32cubeide/plugins/com.st.stm32cube.ide.mcu.externaltools.gnu-tools-for-stm32.7-2018-q2-update.win32_1.4.0.202007081208/tools/bin/../lib/gcc/arm-none-eabi/7.3.1/thumb/v7-m/crtn.o
 .data          0x0000000000000000        0x0 c:/st/stm32cubeide_1.4.0/stm32cubeide/plugins/com.st.stm32cube.ide.mcu.externaltools.gnu-tools-for-stm32.7-2018-q2-update.win32_1.4.0.202007081208/tools/bin/../lib/gcc/arm-none-eabi/7.3.1/thumb/v7-m/crtn.o
 .bss           0x0000000000000000        0x0 c:/st/stm32cubeide_1.4.0/stm32cubeide/plugins/com.st.stm32cube.ide.mcu.externaltools.gnu-tools-for-stm32.7-2018-q2-update.win32_1.4.0.202007081208/tools/bin/../lib/gcc/arm-none-eabi/7.3.1/thumb/v7-m/crtn.o

Memory Configuration

Name             Origin             Length             Attributes
RAM              0x0000000020000000 0x0000000000005000 xrw
ROM              0x0000000008000000 0x0000000000010000 xr
*default*        0x0000000000000000 0xffffffffffffffff

Linker script and memory map

LOAD c:/st/stm32cubeide_1.4.0/stm32cubeide/plugins/com.st.stm32cube.ide.mcu.externaltools.gnu-tools-for-stm32.7-2018-q2-update.win32_1.4.0.202007081208/tools/bin/../lib/gcc/arm-none-eabi/7.3.1/thumb/v7-m/crti.o
LOAD c:/st/stm32cubeide_1.4.0/stm32cubeide/plugins/com.st.stm32cube.ide.mcu.externaltools.gnu-tools-for-stm32.7-2018-q2-update.win32_1.4.0.202007081208/tools/bin/../lib/gcc/arm-none-eabi/7.3.1/thumb/v7-m/crtbegin.o
LOAD c:/st/stm32cubeide_1.4.0/stm32cubeide/plugins/com.st.stm32cube.ide.mcu.externaltools.gnu-tools-for-stm32.7-2018-q2-update.win32_1.4.0.202007081208/tools/bin/../lib/gcc/arm-none-eabi/7.3.1/../../../../arm-none-eabi/lib/thumb/v7-m/crt0.o
LOAD My_Own_RTOS/CortexMx_OS_Porting.o
LOAD My_Own_RTOS/MYRTOS_FIFO.o
LOAD My_Own_RTOS/Scheduler.o
LOAD STM32_F103C6_Drivers/EXTI/STM32F103x8_EXTI_Driver.o
LOAD STM32_F103C6_Drivers/GPIO/STM32F103x8_GPIO_Driver.o
LOAD STM32_F103C6_Drivers/RCC/STM32F103x8_RCC_Driver.o
LOAD Src/main.o
LOAD Src/syscalls.o
LOAD Src/sysmem.o
LOAD Startup/startup_stm32f103c8tx.o
START GROUP
LOAD c:/st/stm32cubeide_1.4.0/stm32cubeide/plugins/com.st.stm32cube.ide.mcu.externaltools.gnu-tools-for-stm32.7-2018-q2-update.win32_1.4.0.202007081208/tools/bin/../lib/gcc/arm-none-eabi/7.3.1/../../../../arm-none-eabi/lib/thumb/v7-m\libc_nano.a
LOAD c:/st/stm32cubeide_1.4.0/stm32cubeide/plugins/com.st.stm32cube.ide.mcu.externaltools.gnu-tools-for-stm32.7-2018-q2-update.win32_1.4.0.202007081208/tools/bin/../lib/gcc/arm-none-eabi/7.3.1/../../../../arm-none-eabi/lib/thumb/v7-m\libm.a
END GROUP
START GROUP
LOAD c:/st/stm32cubeide_1.4.0/stm32cubeide/plugins/com.st.stm32cube.ide.mcu.externaltools.gnu-tools-for-stm32.7-2018-q2-update.win32_1.4.0.202007081208/tools/bin/../lib/gcc/arm-none-eabi/7.3.1/thumb/v7-m\libgcc.a
LOAD c:/st/stm32cubeide_1.4.0/stm32cubeide/plugins/com.st.stm32cube.ide.mcu.externaltools.gnu-tools-for-stm32.7-2018-q2-update.win32_1.4.0.202007081208/tools/bin/../lib/gcc/arm-none-eabi/7.3.1/../../../../arm-none-eabi/lib/thumb/v7-m\libg_nano.a
LOAD c:/st/stm32cubeide_1.4.0/stm32cubeide/plugins/com.st.stm32cube.ide.mcu.externaltools.gnu-tools-for-stm32.7-2018-q2-update.win32_1.4.0.202007081208/tools/bin/../lib/gcc/arm-none-eabi/7.3.1/../../../../arm-none-eabi/lib/thumb/v7-m\libc_nano.a
END GROUP
START GROUP
LOAD c:/st/stm32cubeide_1.4.0/stm32cubeide/plugins/com.st.stm32cube.ide.mcu.externaltools.gnu-tools-for-stm32.7-2018-q2-update.win32_1.4.0.202007081208/tools/bin/../lib/gcc/arm-none-eabi/7.3.1/thumb/v7-m\libgcc.a
LOAD c:/st/stm32cubeide_1.4.0/stm32cubeide/plugins/com.st.stm32cube.ide.mcu.externaltools.gnu-tools-for-stm32.7-2018-q2-update.win32_1.4.0.202007081208/tools/bin/../lib/gcc/arm-none-eabi/7.3.1/../../../../arm-none-eabi/lib/thumb/v7-m\libc_nano.a
LOAD c:/st/stm32cubeide_1.4.0/stm32cubeide/plugins/com.st.stm32cube.ide.mcu.externaltools.gnu-tools-for-stm32.7-2018-q2-update.win32_1.4.0.202007081208/tools/bin/../lib/gcc/arm-none-eabi/7.3.1/../../../../arm-none-eabi/lib/thumb/v7-m\libnosys.a
END GROUP
START GROUP
LOAD c:/st/stm32cubeide_1.4.0/stm32cubeide/plugins/com.st.stm32cube.ide.mcu.externaltools.gnu-tools-for-stm32.7-2018-q2-update.win32_1.4.0.202007081208/tools/bin/../lib/gcc/arm-none-eabi/7.3.1/thumb/v7-m\libgcc.a
LOAD c:/st/stm32cubeide_1.4.0/stm32cubeide/plugins/com.st.stm32cube.ide.mcu.externaltools.gnu-tools-for-stm32.7-2018-q2-update.win32_1.4.0.202007081208/tools/bin/../lib/gcc/arm-none-eabi/7.3.1/../../../../arm-none-eabi/lib/thumb/v7-m\libc_nano.a
LOAD c:/st/stm32cubeide_1.4.0/stm32cubeide/plugins/com.st.stm32cube.ide.mcu.externaltools.gnu-tools-for-stm32.7-2018-q2-update.win32_1.4.0.202007081208/tools/bin/../lib/gcc/arm-none-eabi/7.3.1/../../../../arm-none-eabi/lib/thumb/v7-m\libnosys.a
END GROUP
LOAD c:/st/stm32cubeide_1.4.0/stm32cubeide/plugins/com.st.stm32cube.ide.mcu.externaltools.gnu-tools-for-stm32.7-2018-q2-update.win32_1.4.0.202007081208/tools/bin/../lib/gcc/arm-none-eabi/7.3.1/thumb/v7-m/crtend.o
LOAD c:/st/stm32cubeide_1.4.0/stm32cubeide/plugins/com.st.stm32cube.ide.mcu.externaltools.gnu-tools-for-stm32.7-2018-q2-update.win32_1.4.0.202007081208/tools/bin/../lib/gcc/arm-none-eabi/7.3.1/thumb/v7-m/crtn.o
                0x0000000020005000                _estack = (ORIGIN (RAM) + LENGTH (RAM))
                0x0000000000000200                _Min_Heap_Size = 0x200
                0x0000000000000400                _Min_Stack_Size = 0x400

.isr_vector     0x0000000008000000      0x130
                0x0000000008000000                . = ALIGN (0x4)
 *(.isr_vector)
 .isr_vector    0x0000000008000000      0x130 Startup/startup_stm32f103c8tx.o
                0x0000000008000000                g_pfnVectors
                0x0000000008000130                . = ALIGN (0x4)

.text           0x0000000008000130      0x568
                0x0000000008000130                . = ALIGN (0x4)
 *(.text)
 .text          0x0000000008000130       0x40 c:/st/stm32cubeide_1.4.0/stm32cubeide/plugins/com.st.stm32cube.ide.mcu.externaltools.gnu-tools-for-stm32.7-2018-q2-update.win32_1.4.0.202007081208/tools/bin/../lib/gcc/arm-none-eabi/7.3.1/thumb/v7-m/crtbegin.o
 *(.text*)
 .text.HardFault_Handler
                0x0000000008000170        0x6 My_Own_RTOS/CortexMx_OS_Porting.o
                0x0000000008000170                HardFault_Handler
 .text.MemManage_Handler
                0x0000000008000176        0x6 My_Own_RTOS/CortexMx_OS_Porting.o
                0x0000000008000176                MemManage_Handler
 .text.BusFault_Handler
                0x000000000800017c        0x6 My_Own_RTOS/CortexMx_OS_Porting.o
                0x000000000800017c                BusFault_Handler
 .text.UsageFault_Handler
                0x0000000008000182        0x6 My_Own_RTOS/CortexMx_OS_Porting.o
                0x0000000008000182                UsageFault_Handler
 .text.SVC_Handler
                0x0000000008000188       0x14 My_Own_RTOS/CortexMx_OS_Porting.o
                0x0000000008000188                SVC_Handler
 .text.HW_init  0x000000000800019c        0xc My_Own_RTOS/CortexMx_OS_Porting.o
                0x000000000800019c                HW_init
 .text.FIFO_init
                0x00000000080001a8       0x40 My_Own_RTOS/MYRTOS_FIFO.o
                0x00000000080001a8                FIFO_init
 .text.OS_SVC_Services
                0x00000000080001e8       0x3c My_Own_RTOS/Scheduler.o
                0x00000000080001e8                OS_SVC_Services
 .text.PendSV_Handler
                0x0000000008000224        0xc My_Own_RTOS/Scheduler.o
                0x0000000008000224                PendSV_Handler
 .text.MyRTOS_Create_MainStack
                0x0000000008000230       0x3c My_Own_RTOS/Scheduler.o
                0x0000000008000230                MyRTOS_Create_MainStack
 .text.IDLE_TASK_FUNC
                0x000000000800026c        0x8 My_Own_RTOS/Scheduler.o
                0x000000000800026c                IDLE_TASK_FUNC
 .text.MYRTOS_init
                0x0000000008000274       0x78 My_Own_RTOS/Scheduler.o
                0x0000000008000274                MYRTOS_init
 .text.MyRTOS_Create_Task_Stack
                0x00000000080002ec       0x52 My_Own_RTOS/Scheduler.o
                0x00000000080002ec                MyRTOS_Create_Task_Stack
 *fill*         0x000000000800033e        0x2 
 .text.MyRTOS_Create_Task
                0x0000000008000340       0x6c My_Own_RTOS/Scheduler.o
                0x0000000008000340                MyRTOS_Create_Task
 .text.EXTI0_IRQHandler
                0x00000000080003ac       0x24 STM32_F103C6_Drivers/EXTI/STM32F103x8_EXTI_Driver.o
                0x00000000080003ac                EXTI0_IRQHandler
 .text.EXTI1_IRQHandler
                0x00000000080003d0       0x24 STM32_F103C6_Drivers/EXTI/STM32F103x8_EXTI_Driver.o
                0x00000000080003d0                EXTI1_IRQHandler
 .text.EXTI2_IRQHandler
                0x00000000080003f4       0x24 STM32_F103C6_Drivers/EXTI/STM32F103x8_EXTI_Driver.o
                0x00000000080003f4                EXTI2_IRQHandler
 .text.EXTI3_IRQHandler
                0x0000000008000418       0x24 STM32_F103C6_Drivers/EXTI/STM32F103x8_EXTI_Driver.o
                0x0000000008000418                EXTI3_IRQHandler
 .text.EXTI4_IRQHandler
                0x000000000800043c       0x24 STM32_F103C6_Drivers/EXTI/STM32F103x8_EXTI_Driver.o
                0x000000000800043c                EXTI4_IRQHandler
 .text.EXTI9_5_IRQHandler
                0x0000000008000460       0xa8 STM32_F103C6_Drivers/EXTI/STM32F103x8_EXTI_Driver.o
                0x0000000008000460                EXTI9_5_IRQHandler
 .text.EXTI15_10_IRQHandler
                0x0000000008000508       0xc4 STM32_F103C6_Drivers/EXTI/STM32F103x8_EXTI_Driver.o
                0x0000000008000508                EXTI15_10_IRQHandler
 .text.main     0x00000000080005cc       0x18 Src/main.o
                0x00000000080005cc                main
 .text.Reset_Handler
                0x00000000080005e4       0x50 Startup/startup_stm32f103c8tx.o
                0x00000000080005e4                Reset_Handler
 .text.Default_Handler
                0x0000000008000634        0x2 Startup/startup_stm32f103c8tx.o
                0x0000000008000634                TIM8_TRG_COM_IRQHandler
                0x0000000008000634                TIM8_CC_IRQHandler
                0x0000000008000634                DebugMon_Handler
                0x0000000008000634                TIM1_CC_IRQHandler
                0x0000000008000634                TIM6_IRQHandler
                0x0000000008000634                SysTick_Handler
                0x0000000008000634                PVD_IRQHandler
                0x0000000008000634                SDIO_IRQHandler
                0x0000000008000634                NMI_Handler
                0x0000000008000634                USB_HP_CAN_TX_IRQHandler
                0x0000000008000634                I2C2_EV_IRQHandler
                0x0000000008000634                ADC1_2_IRQHandler
                0x0000000008000634                SPI1_IRQHandler
                0x0000000008000634                CAN_SCE_IRQHandler
                0x0000000008000634                TAMPER_IRQHandler
                0x0000000008000634                TIM8_UP_IRQHandler
                0x0000000008000634                DMA2_Channel2_IRQHandler
                0x0000000008000634                DMA1_Channel4_IRQHandler
                0x0000000008000634                USART3_IRQHandler
                0x0000000008000634                RTC_IRQHandler
                0x0000000008000634                DMA1_Channel7_IRQHandler
                0x0000000008000634                UART5_IRQHandler
                0x0000000008000634                ADC3_IRQHandler
                0x0000000008000634                TIM4_IRQHandler
                0x0000000008000634                CAN_RX1_IRQHandler
                0x0000000008000634                DMA2_Channel1_IRQHandler
                0x0000000008000634                I2C1_EV_IRQHandler
                0x0000000008000634                DMA1_Channel6_IRQHandler
                0x0000000008000634                UART4_IRQHandler
                0x0000000008000634                TIM3_IRQHandler
                0x0000000008000634                RCC_IRQHandler
                0x0000000008000634                TIM1_TRG_COM_IRQHandler
                0x0000000008000634                DMA1_Channel1_IRQHandler
                0x0000000008000634                Default_Handler
                0x0000000008000634                TIM7_IRQHandler
                0x0000000008000634                TIM5_IRQHandler
                0x0000000008000634                SPI2_IRQHandler
                0x0000000008000634                USB_LP_CAN_RX0_IRQHandler
                0x0000000008000634                DMA1_Channel5_IRQHandler
                0x0000000008000634                DMA1_Channel3_IRQHandler
                0x0000000008000634                FSMC_IRQHandler
                0x0000000008000634                TIM1_UP_IRQHandler
                0x0000000008000634                WWDG_IRQHandler
                0x0000000008000634                TIM2_IRQHandler
                0x0000000008000634                TIM1_BRK_IRQHandler
                0x0000000008000634                RTCAlarm_IRQHandler
                0x0000000008000634                DMA2_Channel4_5_IRQHandler
                0x0000000008000634                USART2_IRQHandler
                0x0000000008000634                I2C2_ER_IRQHandler
                0x0000000008000634                DMA1_Channel2_IRQHandler
                0x0000000008000634                TIM8_BRK_IRQHandler
                0x0000000008000634                FLASH_IRQHandler
                0x0000000008000634                USART1_IRQHandler
                0x0000000008000634                SPI3_IRQHandler
                0x0000000008000634                I2C1_ER_IRQHandler
                0x0000000008000634                DMA2_Channel3_IRQHandler
 *fill*         0x0000000008000636        0x2 
 .text.__libc_init_array
                0x0000000008000638       0x48 c:/st/stm32cubeide_1.4.0/stm32cubeide/plugins/com.st.stm32cube.ide.mcu.externaltools.gnu-tools-for-stm32.7-2018-q2-update.win32_1.4.0.202007081208/tools/bin/../lib/gcc/arm-none-eabi/7.3.1/../../../../arm-none-eabi/lib/thumb/v7-m\libc_nano.a(lib_a-init.o)
                0x0000000008000638                __libc_init_array
 *(.glue_7)
 .glue_7        0x0000000008000680        0x0 linker stubs
 *(.glue_7t)
 .glue_7t       0x0000000008000680        0x0 linker stubs
 *(.eh_frame)
 .eh_frame      0x0000000008000680        0x0 c:/st/stm32cubeide_1.4.0/stm32cubeide/plugins/com.st.stm32cube.ide.mcu.externaltools.gnu-tools-for-stm32.7-2018-q2-update.win32_1.4.0.202007081208/tools/bin/../lib/gcc/arm-none-eabi/7.3.1/thumb/v7-m/crtbegin.o
 *(.init)
 .init          0x0000000008000680        0x4 c:/st/stm32cubeide_1.4.0/stm32cubeide/plugins/com.st.stm32cube.ide.mcu.externaltools.gnu-tools-for-stm32.7-2018-q2-update.win32_1.4.0.202007081208/tools/bin/../lib/gcc/arm-none-eabi/7.3.1/thumb/v7-m/crti.o
                0x0000000008000680                _init
 .init          0x0000000008000684        0x8 c:/st/stm32cubeide_1.4.0/stm32cubeide/plugins/com.st.stm32cube.ide.mcu.externaltools.gnu-tools-for-stm32.7-2018-q2-update.win32_1.4.0.202007081208/tools/bin/../lib/gcc/arm-none-eabi/7.3.1/thumb/v7-m/crtn.o
 *(.fini)
 .fini          0x000000000800068c        0x4 c:/st/stm32cubeide_1.4.0/stm32cubeide/plugins/com.st.stm32cube.ide.mcu.externaltools.gnu-tools-for-stm32.7-2018-q2-update.win32_1.4.0.202007081208/tools/bin/../lib/gcc/arm-none-eabi/7.3.1/thumb/v7-m/crti.o
                0x000000000800068c                _fini
 .fini          0x0000000008000690        0x8 c:/st/stm32cubeide_1.4.0/stm32cubeide/plugins/com.st.stm32cube.ide.mcu.externaltools.gnu-tools-for-stm32.7-2018-q2-update.win32_1.4.0.202007081208/tools/bin/../lib/gcc/arm-none-eabi/7.3.1/thumb/v7-m/crtn.o
                0x0000000008000698                . = ALIGN (0x4)
                0x0000000008000698                _etext = .

.vfp11_veneer   0x0000000008000698        0x0
 .vfp11_veneer  0x0000000008000698        0x0 linker stubs

.v4_bx          0x0000000008000698        0x0
 .v4_bx         0x0000000008000698        0x0 linker stubs

.iplt           0x0000000008000698        0x0
 .iplt          0x0000000008000698        0x0 c:/st/stm32cubeide_1.4.0/stm32cubeide/plugins/com.st.stm32cube.ide.mcu.externaltools.gnu-tools-for-stm32.7-2018-q2-update.win32_1.4.0.202007081208/tools/bin/../lib/gcc/arm-none-eabi/7.3.1/thumb/v7-m/crtbegin.o

.rodata         0x0000000008000698        0xc
                0x0000000008000698                . = ALIGN (0x4)
 *(.rodata)
 .rodata        0x0000000008000698        0xa My_Own_RTOS/Scheduler.o
 *(.rodata*)
                0x00000000080006a4                . = ALIGN (0x4)
 *fill*         0x00000000080006a2        0x2 

.rel.dyn        0x00000000080006a4        0x0
 .rel.iplt      0x00000000080006a4        0x0 c:/st/stm32cubeide_1.4.0/stm32cubeide/plugins/com.st.stm32cube.ide.mcu.externaltools.gnu-tools-for-stm32.7-2018-q2-update.win32_1.4.0.202007081208/tools/bin/../lib/gcc/arm-none-eabi/7.3.1/thumb/v7-m/crtbegin.o

.ARM.extab      0x00000000080006a4        0x0
                0x00000000080006a4                . = ALIGN (0x4)
 *(.ARM.extab* .gnu.linkonce.armextab.*)
                0x00000000080006a4                . = ALIGN (0x4)

.ARM            0x00000000080006a4        0x0
                0x00000000080006a4                . = ALIGN (0x4)
                0x00000000080006a4                __exidx_start = .
 *(.ARM.exidx*)
                0x00000000080006a4                __exidx_end = .
                0x00000000080006a4                . = ALIGN (0x4)

.preinit_array  0x00000000080006a4        0x0
                0x00000000080006a4                . = ALIGN (0x4)
                0x00000000080006a4                PROVIDE (__preinit_array_start = .)
 *(.preinit_array*)
                0x00000000080006a4                PROVIDE (__preinit_array_end = .)
                0x00000000080006a4                . = ALIGN (0x4)

.init_array     0x00000000080006a4        0x4
                0x00000000080006a4                . = ALIGN (0x4)
                0x00000000080006a4                PROVIDE (__init_array_start = .)
 *(SORT_BY_NAME(.init_array.*))
 *(.init_array*)
 .init_array    0x00000000080006a4        0x4 c:/st/stm32cubeide_1.4.0/stm32cubeide/plugins/com.st.stm32cube.ide.mcu.externaltools.gnu-tools-for-stm32.7-2018-q2-update.win32_1.4.0.202007081208/tools/bin/../lib/gcc/arm-none-eabi/7.3.1/thumb/v7-m/crtbegin.o
                0x00000000080006a8                PROVIDE (__init_array_end = .)
                0x00000000080006a8                . = ALIGN (0x4)

.fini_array     0x00000000080006a8        0x4
                0x00000000080006a8                . = ALIGN (0x4)
                [!provide]                        PROVIDE (__fini_array_start = .)
 *(SORT_BY_NAME(.fini_array.*))
 *(.fini_array*)
 .fini_array    0x00000000080006a8        0x4 c:/st/stm32cubeide_1.4.0/stm32cubeide/plugins/com.st.stm32cube.ide.mcu.externaltools.gnu-tools-for-stm32.7-2018-q2-update.win32_1.4.0.202007081208/tools/bin/../lib/gcc/arm-none-eabi/7.3.1/thumb/v7-m/crtbegin.o
                [!provide]                        PROVIDE (__fini_array_end = .)
                0x00000000080006ac                . = ALIGN (0x4)
                0x00000000080006ac                _sidata = LOADADDR (.data)

.data           0x0000000020000000        0x0 load address 0x00000000080006ac
                0x0000000020000000                . = ALIGN (0x4)
                0x0000000020000000                _sdata = .
 *(.data)
 *(.data*)
                0x0000000020000000                . = ALIGN (0x4)
                0x0000000020000000                _edata = .

.igot.plt       0x0000000020000000        0x0 load address 0x00000000080006ac
 .igot.plt      0x0000000020000000        0x0 c:/st/stm32cubeide_1.4.0/stm32cubeide/plugins/com.st.stm32cube.ide.mcu.externaltools.gnu-tools-for-stm32.7-2018-q2-update.win32_1.4.0.202007081208/tools/bin/../lib/gcc/arm-none-eabi/7.3.1/thumb/v7-m/crtbegin.o
                0x0000000020000000                . = ALIGN (0x4)

.bss            0x0000000020000000      0x3ec load address 0x00000000080006ac
                0x0000000020000000                _sbss = .
                0x0000000020000000                __bss_start__ = _sbss
 *(.bss)
 .bss           0x0000000020000000       0x1c c:/st/stm32cubeide_1.4.0/stm32cubeide/plugins/com.st.stm32cube.ide.mcu.externaltools.gnu-tools-for-stm32.7-2018-q2-update.win32_1.4.0.202007081208/tools/bin/../lib/gcc/arm-none-eabi/7.3.1/thumb/v7-m/crtbegin.o
 *(.bss*)
 *(COMMON)
 COMMON         0x000000002000001c      0x394 My_Own_RTOS/Scheduler.o
                0x000000002000001c                Ready_Queue
                0x0000000020000030                OS_Control_t
                0x00000000200001dc                MyRTOS_IDLE_TASK
                0x0000000020000220                Ready_Queue_FIFO
 COMMON         0x00000000200003b0       0x3c STM32_F103C6_Drivers/EXTI/STM32F103x8_EXTI_Driver.o
                0x00000000200003b0                GP_IRQ_CallBack
                0x00000000200003ec                . = ALIGN (0x4)
                0x00000000200003ec                _ebss = .
                0x00000000200003ec                __bss_end__ = _ebss

._user_heap_stack
                0x00000000200003ec      0x604 load address 0x00000000080006ac
                0x00000000200003f0                . = ALIGN (0x8)
 *fill*         0x00000000200003ec        0x4 
                [!provide]                        PROVIDE (end = .)
                0x00000000200003f0                PROVIDE (_end = .)
                0x00000000200005f0                . = (. + _Min_Heap_Size)
 *fill*         0x00000000200003f0      0x200 
                0x00000000200009f0                . = (. + _Min_Stack_Size)
 *fill*         0x00000000200005f0      0x400 
                0x00000000200009f0                . = ALIGN (0x8)
                0x00000000200009f0                _eheap = .

/DISCARD/
 libc.a(*)
 libm.a(*)
 libgcc.a(*)

.ARM.attributes
                0x0000000000000000       0x29
 *(.ARM.attributes)
 .ARM.attributes
                0x0000000000000000       0x1d c:/st/stm32cubeide_1.4.0/stm32cubeide/plugins/com.st.stm32cube.ide.mcu.externaltools.gnu-tools-for-stm32.7-2018-q2-update.win32_1.4.0.202007081208/tools/bin/../lib/gcc/arm-none-eabi/7.3.1/thumb/v7-m/crti.o
 .ARM.attributes
                0x000000000000001d       0x2d c:/st/stm32cubeide_1.4.0/stm32cubeide/plugins/com.st.stm32cube.ide.mcu.externaltools.gnu-tools-for-stm32.7-2018-q2-update.win32_1.4.0.202007081208/tools/bin/../lib/gcc/arm-none-eabi/7.3.1/thumb/v7-m/crtbegin.o
 .ARM.attributes
                0x000000000000004a       0x33 My_Own_RTOS/CortexMx_OS_Porting.o
 .ARM.attributes
                0x000000000000007d       0x33 My_Own_RTOS/MYRTOS_FIFO.o
 .ARM.attributes
                0x00000000000000b0       0x33 My_Own_RTOS/Scheduler.o
 .ARM.attributes
                0x00000000000000e3       0x33 STM32_F103C6_Drivers/EXTI/STM32F103x8_EXTI_Driver.o
 .ARM.attributes
                0x0000000000000116       0x33 Src/main.o
 .ARM.attributes
                0x0000000000000149       0x21 Startup/startup_stm32f103c8tx.o
 .ARM.attributes
                0x000000000000016a       0x2d c:/st/stm32cubeide_1.4.0/stm32cubeide/plugins/com.st.stm32cube.ide.mcu.externaltools.gnu-tools-for-stm32.7-2018-q2-update.win32_1.4.0.202007081208/tools/bin/../lib/gcc/arm-none-eabi/7.3.1/../../../../arm-none-eabi/lib/thumb/v7-m\libc_nano.a(lib_a-init.o)
 .ARM.attributes
                0x0000000000000197       0x1d c:/st/stm32cubeide_1.4.0/stm32cubeide/plugins/com.st.stm32cube.ide.mcu.externaltools.gnu-tools-for-stm32.7-2018-q2-update.win32_1.4.0.202007081208/tools/bin/../lib/gcc/arm-none-eabi/7.3.1/thumb/v7-m/crtn.o
OUTPUT(Create_My_Own_RTOS.axf elf32-littlearm)

.debug_info     0x0000000000000000     0x3446
 .debug_info    0x0000000000000000      0x15d My_Own_RTOS/CortexMx_OS_Porting.o
 .debug_info    0x000000000000015d      0xcc7 My_Own_RTOS/MYRTOS_FIFO.o
 .debug_info    0x0000000000000e24      0xe06 My_Own_RTOS/Scheduler.o
 .debug_info    0x0000000000001c2a      0xdc2 STM32_F103C6_Drivers/EXTI/STM32F103x8_EXTI_Driver.o
 .debug_info    0x00000000000029ec      0xa38 Src/main.o
 .debug_info    0x0000000000003424       0x22 Startup/startup_stm32f103c8tx.o

.debug_abbrev   0x0000000000000000      0x8a1
 .debug_abbrev  0x0000000000000000       0x95 My_Own_RTOS/CortexMx_OS_Porting.o
 .debug_abbrev  0x0000000000000095      0x212 My_Own_RTOS/MYRTOS_FIFO.o
 .debug_abbrev  0x00000000000002a7      0x225 My_Own_RTOS/Scheduler.o
 .debug_abbrev  0x00000000000004cc      0x22a STM32_F103C6_Drivers/EXTI/STM32F103x8_EXTI_Driver.o
 .debug_abbrev  0x00000000000006f6      0x199 Src/main.o
 .debug_abbrev  0x000000000000088f       0x12 Startup/startup_stm32f103c8tx.o

.debug_loc      0x0000000000000000      0x80c
 .debug_loc     0x0000000000000000       0xf4 My_Own_RTOS/CortexMx_OS_Porting.o
 .debug_loc     0x00000000000000f4      0x158 My_Own_RTOS/MYRTOS_FIFO.o
 .debug_loc     0x000000000000024c      0x268 My_Own_RTOS/Scheduler.o
 .debug_loc     0x00000000000004b4      0x320 STM32_F103C6_Drivers/EXTI/STM32F103x8_EXTI_Driver.o
 .debug_loc     0x00000000000007d4       0x38 Src/main.o

.debug_aranges  0x0000000000000000      0x1a0
 .debug_aranges
                0x0000000000000000       0x48 My_Own_RTOS/CortexMx_OS_Porting.o
 .debug_aranges
                0x0000000000000048       0x38 My_Own_RTOS/MYRTOS_FIFO.o
 .debug_aranges
                0x0000000000000080       0x58 My_Own_RTOS/Scheduler.o
 .debug_aranges
                0x00000000000000d8       0x80 STM32_F103C6_Drivers/EXTI/STM32F103x8_EXTI_Driver.o
 .debug_aranges
                0x0000000000000158       0x20 Src/main.o
 .debug_aranges
                0x0000000000000178       0x28 Startup/startup_stm32f103c8tx.o

.debug_ranges   0x0000000000000000      0x148
 .debug_ranges  0x0000000000000000       0x38 My_Own_RTOS/CortexMx_OS_Porting.o
 .debug_ranges  0x0000000000000038       0x28 My_Own_RTOS/MYRTOS_FIFO.o
 .debug_ranges  0x0000000000000060       0x48 My_Own_RTOS/Scheduler.o
 .debug_ranges  0x00000000000000a8       0x70 STM32_F103C6_Drivers/EXTI/STM32F103x8_EXTI_Driver.o
 .debug_ranges  0x0000000000000118       0x10 Src/main.o
 .debug_ranges  0x0000000000000128       0x20 Startup/startup_stm32f103c8tx.o

.debug_macro    0x0000000000000000     0x465a
 .debug_macro   0x0000000000000000       0xca My_Own_RTOS/CortexMx_OS_Porting.o
 .debug_macro   0x00000000000000ca      0xa60 My_Own_RTOS/CortexMx_OS_Porting.o
 .debug_macro   0x0000000000000b2a       0x28 My_Own_RTOS/CortexMx_OS_Porting.o
 .debug_macro   0x0000000000000b52       0x22 My_Own_RTOS/CortexMx_OS_Porting.o
 .debug_macro   0x0000000000000b74       0x8e My_Own_RTOS/CortexMx_OS_Porting.o
 .debug_macro   0x0000000000000c02       0x51 My_Own_RTOS/CortexMx_OS_Porting.o
 .debug_macro   0x0000000000000c53       0xef My_Own_RTOS/CortexMx_OS_Porting.o
 .debug_macro   0x0000000000000d42       0x6a My_Own_RTOS/CortexMx_OS_Porting.o
 .debug_macro   0x0000000000000dac      0x1df My_Own_RTOS/CortexMx_OS_Porting.o
 .debug_macro   0x0000000000000f8b       0x1c My_Own_RTOS/CortexMx_OS_Porting.o
 .debug_macro   0x0000000000000fa7       0x22 My_Own_RTOS/CortexMx_OS_Porting.o
 .debug_macro   0x0000000000000fc9       0xe5 My_Own_RTOS/CortexMx_OS_Porting.o
 .debug_macro   0x00000000000010ae      0xe2e My_Own_RTOS/CortexMx_OS_Porting.o
 .debug_macro   0x0000000000001edc      0x11f My_Own_RTOS/CortexMx_OS_Porting.o
 .debug_macro   0x0000000000001ffb       0x2e My_Own_RTOS/CortexMx_OS_Porting.o
 .debug_macro   0x0000000000002029      0x2a7 My_Own_RTOS/MYRTOS_FIFO.o
 .debug_macro   0x00000000000022d0       0x40 My_Own_RTOS/MYRTOS_FIFO.o
 .debug_macro   0x0000000000002310       0x18 My_Own_RTOS/MYRTOS_FIFO.o
 .debug_macro   0x0000000000002328       0x94 My_Own_RTOS/MYRTOS_FIFO.o
 .debug_macro   0x00000000000023bc       0x3c My_Own_RTOS/MYRTOS_FIFO.o
 .debug_macro   0x00000000000023f8       0x34 My_Own_RTOS/MYRTOS_FIFO.o
 .debug_macro   0x000000000000242c       0x16 My_Own_RTOS/MYRTOS_FIFO.o
 .debug_macro   0x0000000000002442       0x57 My_Own_RTOS/MYRTOS_FIFO.o
 .debug_macro   0x0000000000002499       0x97 My_Own_RTOS/MYRTOS_FIFO.o
 .debug_macro   0x0000000000002530      0x330 My_Own_RTOS/MYRTOS_FIFO.o
 .debug_macro   0x0000000000002860       0xfd My_Own_RTOS/MYRTOS_FIFO.o
 .debug_macro   0x000000000000295d       0x10 My_Own_RTOS/MYRTOS_FIFO.o
 .debug_macro   0x000000000000296d       0x52 My_Own_RTOS/MYRTOS_FIFO.o
 .debug_macro   0x00000000000029bf       0x1f My_Own_RTOS/MYRTOS_FIFO.o
 .debug_macro   0x00000000000029de       0x43 My_Own_RTOS/MYRTOS_FIFO.o
 .debug_macro   0x0000000000002a21       0x20 My_Own_RTOS/MYRTOS_FIFO.o
 .debug_macro   0x0000000000002a41      0x1a3 My_Own_RTOS/MYRTOS_FIFO.o
 .debug_macro   0x0000000000002be4       0x10 My_Own_RTOS/MYRTOS_FIFO.o
 .debug_macro   0x0000000000002bf4       0x1c My_Own_RTOS/MYRTOS_FIFO.o
 .debug_macro   0x0000000000002c10       0x52 My_Own_RTOS/MYRTOS_FIFO.o
 .debug_macro   0x0000000000002c62       0x40 My_Own_RTOS/MYRTOS_FIFO.o
 .debug_macro   0x0000000000002ca2       0x10 My_Own_RTOS/MYRTOS_FIFO.o
 .debug_macro   0x0000000000002cb2       0x40 My_Own_RTOS/MYRTOS_FIFO.o
 .debug_macro   0x0000000000002cf2       0xd7 My_Own_RTOS/MYRTOS_FIFO.o
 .debug_macro   0x0000000000002dc9       0x1c My_Own_RTOS/MYRTOS_FIFO.o
 .debug_macro   0x0000000000002de5       0x3d My_Own_RTOS/MYRTOS_FIFO.o
 .debug_macro   0x0000000000002e22       0x16 My_Own_RTOS/MYRTOS_FIFO.o
 .debug_macro   0x0000000000002e38      0x145 My_Own_RTOS/MYRTOS_FIFO.o
 .debug_macro   0x0000000000002f7d       0x16 My_Own_RTOS/MYRTOS_FIFO.o
 .debug_macro   0x0000000000002f93       0x35 My_Own_RTOS/MYRTOS_FIFO.o
 .debug_macro   0x0000000000002fc8       0x16 My_Own_RTOS/MYRTOS_FIFO.o
 .debug_macro   0x0000000000002fde       0x29 My_Own_RTOS/MYRTOS_FIFO.o
 .debug_macro   0x0000000000003007       0x16 My_Own_RTOS/MYRTOS_FIFO.o
 .debug_macro   0x000000000000301d       0x20 My_Own_RTOS/MYRTOS_FIFO.o
 .debug_macro   0x000000000000303d       0xdf My_Own_RTOS/MYRTOS_FIFO.o
 .debug_macro   0x000000000000311c      0x2b7 My_Own_RTOS/Scheduler.o
 .debug_macro   0x00000000000033d3       0x46 My_Own_RTOS/Scheduler.o
 .debug_macro   0x0000000000003419      0x32a My_Own_RTOS/Scheduler.o
 .debug_macro   0x0000000000003743      0x15c STM32_F103C6_Drivers/EXTI/STM32F103x8_EXTI_Driver.o
 .debug_macro   0x000000000000389f      0x10e STM32_F103C6_Drivers/EXTI/STM32F103x8_EXTI_Driver.o
 .debug_macro   0x00000000000039ad       0x8d STM32_F103C6_Drivers/EXTI/STM32F103x8_EXTI_Driver.o
 .debug_macro   0x0000000000003a3a      0x720 STM32_F103C6_Drivers/EXTI/STM32F103x8_EXTI_Driver.o
 .debug_macro   0x000000000000415a       0xd6 STM32_F103C6_Drivers/EXTI/STM32F103x8_EXTI_Driver.o
 .debug_macro   0x0000000000004230      0x227 STM32_F103C6_Drivers/EXTI/STM32F103x8_EXTI_Driver.o
 .debug_macro   0x0000000000004457      0x1cf Src/main.o
 .debug_macro   0x0000000000004626       0x34 Src/main.o

.debug_line     0x0000000000000000     0x227c
 .debug_line    0x0000000000000000      0x508 My_Own_RTOS/CortexMx_OS_Porting.o
 .debug_line    0x0000000000000508      0x781 My_Own_RTOS/MYRTOS_FIFO.o
 .debug_line    0x0000000000000c89      0x7b5 My_Own_RTOS/Scheduler.o
 .debug_line    0x000000000000143e      0x713 STM32_F103C6_Drivers/EXTI/STM32F103x8_EXTI_Driver.o
 .debug_line    0x0000000000001b51      0x6a7 Src/main.o
 .debug_line    0x00000000000021f8       0x84 Startup/startup_stm32f103c8tx.o

.debug_str      0x0000000000000000    0x1297b
 .debug_str     0x0000000000000000     0xa15a My_Own_RTOS/CortexMx_OS_Porting.o
                                       0xa2d5 (size before relaxing)
 .debug_str     0x000000000000a15a     0x4721 My_Own_RTOS/MYRTOS_FIFO.o
                                       0xea52 (size before relaxing)
 .debug_str     0x000000000000e87b      0x20a My_Own_RTOS/Scheduler.o
                                       0xebdc (size before relaxing)
 .debug_str     0x000000000000ea85     0x3eb2 STM32_F103C6_Drivers/EXTI/STM32F103x8_EXTI_Driver.o
                                       0xade1 (size before relaxing)
 .debug_str     0x0000000000012937       0x13 Src/main.o
                                      0x11196 (size before relaxing)
 .debug_str     0x000000000001294a       0x31 Startup/startup_stm32f103c8tx.o
                                         0x6d (size before relaxing)

.comment        0x0000000000000000       0x7b
 .comment       0x0000000000000000       0x7b My_Own_RTOS/CortexMx_OS_Porting.o
                                         0x7c (size before relaxing)
 .comment       0x000000000000007b       0x7c My_Own_RTOS/MYRTOS_FIFO.o
 .comment       0x000000000000007b       0x7c My_Own_RTOS/Scheduler.o
 .comment       0x000000000000007b       0x7c STM32_F103C6_Drivers/EXTI/STM32F103x8_EXTI_Driver.o
 .comment       0x000000000000007b       0x7c Src/main.o

.debug_frame    0x0000000000000000      0x47c
 .debug_frame   0x0000000000000000       0xa0 My_Own_RTOS/CortexMx_OS_Porting.o
 .debug_frame   0x00000000000000a0       0xa8 My_Own_RTOS/MYRTOS_FIFO.o
 .debug_frame   0x0000000000000148      0x128 My_Own_RTOS/Scheduler.o
 .debug_frame   0x0000000000000270      0x1b0 STM32_F103C6_Drivers/EXTI/STM32F103x8_EXTI_Driver.o
 .debug_frame   0x0000000000000420       0x30 Src/main.o
 .debug_frame   0x0000000000000450       0x2c c:/st/stm32cubeide_1.4.0/stm32cubeide/plugins/com.st.stm32cube.ide.mcu.externaltools.gnu-tools-for-stm32.7-2018-q2-update.win32_1.4.0.202007081208/tools/bin/../lib/gcc/arm-none-eabi/7.3.1/../../../../arm-none-eabi/lib/thumb/v7-m\libc_nano.a(lib_a-init.o)
