core_cm3.h:1639:22:__NVIC_SetPriority	16	static
core_cm3.h:1837:26:SysTick_Config	16	static
CortexMx_OS_Porting.c:18:6:HardFault_Handler	4	static
CortexMx_OS_Porting.c:25:6:MemManage_Handler	4	static
CortexMx_OS_Porting.c:32:6:BusFault_Handler	4	static
CortexMx_OS_Porting.c:39:6:UsageFault_Handler	4	static
CortexMx_OS_Porting.c:55:27:SVC_Handler	0	static,ignoring_inline_asm
CortexMx_OS_Porting.c:66:6:HW_init	16	static
CortexMx_OS_Porting.c:102:6:Trigger_OS_PendSV	4	static
CortexMx_OS_Porting.c:107:14:OS_Start_Ticker	8	static
CortexMx_OS_Porting.c:123:6:SysTick_Handler	8	static
