Scheduler.c:127:28:PendSV_Handler	0	static,ignoring_inline_asm
Scheduler.c:292:6:MyRTOS_Create_MainStack	4	static
Scheduler.c:302:6:IDLE_TASK_FUNC	4	static,ignoring_inline_asm
Scheduler.c:311:13:MYRTOS_init	16	static
Scheduler.c:338:6:MyRTOS_Create_Task_Stack	24	static
Scheduler.c:390:13:MyRTOS_Create_Task	24	static
Scheduler.c:459:6:Bubble_Sort_Tasks	24	static
Scheduler.c:480:13:MyRTOS_Update_Scheduler_Tabel	16	static
Scheduler.c:491:13:MyRTOS_Update_Ready_Queue	32	static
Scheduler.c:568:6:OS_Decide_What_Next	8	static
Scheduler.c:600:13:OS_SVC_Services	24	static
Scheduler.c:644:13:MyRTOS_OS_SVC_Set	24	static,ignoring_inline_asm
Scheduler.c:667:13:MyRTOS_Activate_Task	24	static
Scheduler.c:681:13:MyRTOS_Terminate_Task	24	static
Scheduler.c:691:13:MyRTOS_Start_OS	16	static,ignoring_inline_asm
