Scheduler.c:136:28:PendSV_Handler	0	static,ignoring_inline_asm
Scheduler.c:309:6:MyRTOS_Create_MainStack	4	static
Scheduler.c:325:6:IDLE_TASK_FUNC	4	static,ignoring_inline_asm
Scheduler.c:340:13:MYRTOS_init	16	static
Scheduler.c:373:6:MyRTOS_Create_Task_Stack	24	static
Scheduler.c:431:13:MyRTOS_Create_Task	24	static
Scheduler.c:512:6:Bubble_Sort_Tasks	24	static
Scheduler.c:540:13:MyRTOS_Update_Scheduler_Tabel	16	static
Scheduler.c:557:13:MyRTOS_Update_Ready_Queue	32	static
Scheduler.c:640:6:OS_Decide_What_Next	8	static
Scheduler.c:678:13:OS_SVC_Services	24	static
Scheduler.c:759:13:MyRTOS_OS_SVC_Set	24	static,ignoring_inline_asm
Scheduler.c:796:6:MyRTOS_Task_Init	24	static
Scheduler.c:812:13:MyRTOS_Activate_Task	24	static
Scheduler.c:832:13:MyRTOS_Terminate_Task	24	static
Scheduler.c:851:13:MyRTOS_Start_OS	16	static,ignoring_inline_asm
Scheduler.c:901:13:MyRTOS_Task_Wait	24	static
Scheduler.c:924:6:MyRTOS_Update_Waiting_Time	16	static
Scheduler.c:956:6:MyRTOS_Mutex_Init	24	static
Scheduler.c:992:13:MyRTOS_Acquire_Mutex	24	static
Scheduler.c:1030:6:MyRTOS_Release_Mutex	16	static
